[    0.000000] Initializing cgroup subsys cpuset
[    0.000000] Initializing cgroup subsys cpu
[    0.000000] Initializing cgroup subsys cpuacct
[    0.000000] Linux version 4.4.0-187-generic (buildd@lgw01-amd64-035) (gcc version 5.4.0 20160609 (Ubuntu 5.4.0-6ubuntu1~16.04.12) ) #217-Ubuntu SMP Tue Jul 21 04:18:15 UTC 2020 (Ubuntu 4.4.0-187.217-generic 4.4.230)
[    0.000000] Command line: BOOT_IMAGE=/boot/vmlinuz-4.4.0-187-generic root=LABEL=cloudimg-rootfs ro console=tty1 console=ttyS0
[    0.000000] KERNEL supported cpus:
[    0.000000]   Intel GenuineIntel
[    0.000000]   AMD AuthenticAMD
[    0.000000]   Centaur CentaurHauls
[    0.000000] x86/fpu: xstate_offset[2]:  576, xstate_sizes[2]:  256
[    0.000000] x86/fpu: Supporting XSAVE feature 0x01: 'x87 floating point registers'
[    0.000000] x86/fpu: Supporting XSAVE feature 0x02: 'SSE registers'
[    0.000000] x86/fpu: Supporting XSAVE feature 0x04: 'AVX registers'
[    0.000000] x86/fpu: Enabled xstate features 0x7, context size is 832 bytes, using 'standard' format.
[    0.000000] e820: BIOS-provided physical RAM map:
[    0.000000] BIOS-e820: [mem 0x0000000000000000-0x000000000009fbff] usable
[    0.000000] BIOS-e820: [mem 0x000000000009fc00-0x000000000009ffff] reserved
[    0.000000] BIOS-e820: [mem 0x00000000000f0000-0x00000000000fffff] reserved
[    0.000000] BIOS-e820: [mem 0x0000000000100000-0x000000003ffeffff] usable
[    0.000000] BIOS-e820: [mem 0x000000003fff0000-0x000000003fffffff] ACPI data
[    0.000000] BIOS-e820: [mem 0x00000000fec00000-0x00000000fec00fff] reserved
[    0.000000] BIOS-e820: [mem 0x00000000fee00000-0x00000000fee00fff] reserved
[    0.000000] BIOS-e820: [mem 0x00000000fffc0000-0x00000000ffffffff] reserved
[    0.000000] NX (Execute Disable) protection: active
[    0.000000] SMBIOS 2.5 present.
[    0.000000] Hypervisor detected: KVM
[    0.000000] e820: last_pfn = 0x3fff0 max_arch_pfn = 0x400000000
[    0.000000] MTRR: Disabled
[    0.000000] x86/PAT: MTRRs disabled, skipping PAT initialization too.
[    0.000000] CPU MTRRs all blank - virtualized system.
[    0.000000] x86/PAT: Configuration [0-7]: WB  WT  UC- UC  WB  WT  UC- UC  
[    0.000000] found SMP MP-table at [mem 0x0009fff0-0x0009ffff] mapped at [ffff88000009fff0]
[    0.000000] Scanning 1 areas for low memory corruption
[    0.000000] RAMDISK: [mem 0x362de000-0x37166fff]
[    0.000000] ACPI: Early table checksum verification disabled
[    0.000000] ACPI: RSDP 0x00000000000E0000 000024 (v02 VBOX  )
[    0.000000] ACPI: XSDT 0x000000003FFF0030 00003C (v01 VBOX   VBOXXSDT 00000001 ASL  00000061)
[    0.000000] ACPI: FACP 0x000000003FFF00F0 0000F4 (v04 VBOX   VBOXFACP 00000001 ASL  00000061)
[    0.000000] ACPI: DSDT 0x000000003FFF0470 002325 (v02 VBOX   VBOXBIOS 00000002 INTL 20100528)
[    0.000000] ACPI: FACS 0x000000003FFF0200 000040
[    0.000000] ACPI: FACS 0x000000003FFF0200 000040
[    0.000000] ACPI: APIC 0x000000003FFF0240 00005C (v02 VBOX   VBOXAPIC 00000001 ASL  00000061)
[    0.000000] ACPI: SSDT 0x000000003FFF02A0 0001CC (v01 VBOX   VBOXCPUT 00000002 INTL 20100528)
[    0.000000] No NUMA configuration found
[    0.000000] Faking a node at [mem 0x0000000000000000-0x000000003ffeffff]
[    0.000000] NODE_DATA(0) allocated [mem 0x3ffeb000-0x3ffeffff]
[    0.000000] kvm-clock: Using msrs 4b564d01 and 4b564d00
[    0.000000] kvm-clock: cpu 0, msr 0:3ffe3001, primary cpu clock
[    0.000000] kvm-clock: using sched offset of 5374564699 cycles
[    0.000000] clocksource: kvm-clock: mask: 0xffffffffffffffff max_cycles: 0x1cd42e4dffb, max_idle_ns: 881590591483 ns
[    0.000000] Zone ranges:
[    0.000000]   DMA      [mem 0x0000000000001000-0x0000000000ffffff]
[    0.000000]   DMA32    [mem 0x0000000001000000-0x000000003ffeffff]
[    0.000000]   Normal   empty
[    0.000000]   Device   empty
[    0.000000] Movable zone start for each node
[    0.000000] Early memory node ranges
[    0.000000]   node   0: [mem 0x0000000000001000-0x000000000009efff]
[    0.000000]   node   0: [mem 0x0000000000100000-0x000000003ffeffff]
[    0.000000] Initmem setup node 0 [mem 0x0000000000001000-0x000000003ffeffff]
[    0.000000] ACPI: PM-Timer IO Port: 0x4008
[    0.000000] IOAPIC[0]: apic_id 2, version 32, address 0xfec00000, GSI 0-23
[    0.000000] ACPI: INT_SRC_OVR (bus 0 bus_irq 0 global_irq 2 dfl dfl)
[    0.000000] ACPI: INT_SRC_OVR (bus 0 bus_irq 9 global_irq 9 low level)
[    0.000000] Using ACPI (MADT) for SMP configuration information
[    0.000000] smpboot: Allowing 2 CPUs, 0 hotplug CPUs
[    0.000000] PM: Registered nosave memory: [mem 0x00000000-0x00000fff]
[    0.000000] PM: Registered nosave memory: [mem 0x0009f000-0x0009ffff]
[    0.000000] PM: Registered nosave memory: [mem 0x000a0000-0x000effff]
[    0.000000] PM: Registered nosave memory: [mem 0x000f0000-0x000fffff]
[    0.000000] e820: [mem 0x40000000-0xfebfffff] available for PCI devices
[    0.000000] Booting paravirtualized kernel on KVM
[    0.000000] clocksource: refined-jiffies: mask: 0xffffffff max_cycles: 0xffffffff, max_idle_ns: 7645519600211568 ns
[    0.000000] setup_percpu: NR_CPUS:512 nr_cpumask_bits:512 nr_cpu_ids:2 nr_node_ids:1
[    0.000000] PERCPU: Embedded 33 pages/cpu @ffff88003fc00000 s95512 r8192 d31464 u1048576
[    0.000000] Built 1 zonelists in Node order, mobility grouping on.  Total pages: 257912
[    0.000000] Policy zone: DMA32
[    0.000000] Kernel command line: BOOT_IMAGE=/boot/vmlinuz-4.4.0-187-generic root=LABEL=cloudimg-rootfs ro console=tty1 console=ttyS0
[    0.000000] PID hash table entries: 4096 (order: 3, 32768 bytes)
[    0.000000] Memory: 997660K/1048120K available (8636K kernel code, 1337K rwdata, 4040K rodata, 1492K init, 1296K bss, 50460K reserved, 0K cma-reserved)
[    0.000000] SLUB: HWalign=64, Order=0-3, MinObjects=0, CPUs=2, Nodes=1
[    0.000000] Kernel/User page tables isolation: enabled
[    0.000000] Hierarchical RCU implementation.
[    0.000000] 	Build-time adjustment of leaf fanout to 64.
[    0.000000] 	RCU restricting CPUs from NR_CPUS=512 to nr_cpu_ids=2.
[    0.000000] RCU: Adjusting geometry for rcu_fanout_leaf=64, nr_cpu_ids=2
[    0.000000] NR_IRQS:33024 nr_irqs:440 16
[    0.000000] Console: colour VGA+ 80x25
[    0.000000] console [tty1] enabled
[    0.000000] console [ttyS0] enabled
[    0.000000] tsc: Detected 3408.000 MHz processor
[    0.387986] Calibrating delay loop (skipped) preset value.. 6816.00 BogoMIPS (lpj=13632000)
[    0.393281] pid_max: default: 32768 minimum: 301
[    0.396138] ACPI: Core revision 20150930
[    0.399394] ACPI: 2 ACPI AML tables successfully acquired and loaded
[    0.403436] Security Framework initialized
[    0.406003] Yama: becoming mindful.
[    0.408248] AppArmor: AppArmor initialized
[    0.410925] Dentry cache hash table entries: 131072 (order: 8, 1048576 bytes)
[    0.416441] Inode-cache hash table entries: 65536 (order: 7, 524288 bytes)
[    0.420961] Mount-cache hash table entries: 2048 (order: 2, 16384 bytes)
[    0.424996] Mountpoint-cache hash table entries: 2048 (order: 2, 16384 bytes)
[    0.429421] Initializing cgroup subsys io
[    0.431935] Initializing cgroup subsys memory
[    0.434646] Initializing cgroup subsys devices
[    0.437447] Initializing cgroup subsys freezer
[    0.440191] Initializing cgroup subsys net_cls
[    0.442967] Initializing cgroup subsys perf_event
[    0.446448] Initializing cgroup subsys net_prio
[    0.450297] Initializing cgroup subsys hugetlb
[    0.453775] Initializing cgroup subsys pids
[    0.457988] mce: CPU supports 0 MCE banks
[    0.461576] Last level iTLB entries: 4KB 128, 2MB 8, 4MB 8
[    0.465884] Last level dTLB entries: 4KB 64, 2MB 0, 4MB 0, 1GB 4
[    0.469578] Spectre V1 : Mitigation: usercopy/swapgs barriers and __user pointer sanitization
[    0.475124] Spectre V2 : Mitigation: Full generic retpoline
[    0.478564] Spectre V2 : Spectre v2 / SpectreRSB mitigation: Filling RSB on context switch
[    0.483778] Speculative Store Bypass: Vulnerable
[    0.486660] SRBDS: Unknown: Dependent on hypervisor status
[    0.490149] MDS: Mitigation: Clear CPU buffers
[    0.495147] Freeing SMP alternatives memory: 36K
[    0.503092] ftrace: allocating 32337 entries in 127 pages
[    0.555793] smpboot: APIC(0) Converting physical 0 to logical package 0
[    0.559951] smpboot: Max logical packages: 1
[    0.562809] x2apic enabled
[    0.564752] Switched APIC routing to physical x2apic.
[    0.568766] ..TIMER: vector=0x30 apic1=0 pin1=2 apic2=-1 pin2=-1
[    0.680456] APIC calibration not consistent with PM-Timer: 98ms instead of 100ms
[    0.685282] APIC delta adjusted to PM-Timer: 6232879 (6161453)
[    0.689020] smpboot: CPU0: Intel(R) Core(TM) i5-7500 CPU @ 3.40GHz (family: 0x6, model: 0x9e, stepping: 0x9)
[    0.695426] Performance Events: unsupported p6 CPU model 158 no PMU driver, software events only.
[    0.710128] KVM setup paravirtual spinlock
[    0.713306] x86: Booting SMP configuration:
[    0.715905] .... node  #0, CPUs:      #1
[    0.718617] kvm-clock: cpu 1, msr 0:3ffe3041, secondary cpu clock
[    0.723240] mce: CPU supports 0 MCE banks
[    0.727537] x86: Booted up 1 node, 2 CPUs
[    0.730379] smpboot: Total of 2 processors activated (13632.00 BogoMIPS)
[    0.734876] devtmpfs: initialized
[    0.738339] evm: security.selinux
[    0.740504] evm: security.SMACK64
[    0.742660] evm: security.SMACK64EXEC
[    0.745110] evm: security.SMACK64TRANSMUTE
[    0.747689] evm: security.SMACK64MMAP
[    0.750068] evm: security.ima
[    0.752127] evm: security.capability
[    0.754710] clocksource: jiffies: mask: 0xffffffff max_cycles: 0xffffffff, max_idle_ns: 7645041785100000 ns
[    0.760875] futex hash table entries: 512 (order: 3, 32768 bytes)
[    0.764818] pinctrl core: initialized pinctrl subsystem
[    0.768179] RTC time:  3:42:14, date: 08/31/20
[    0.771173] NET: Registered protocol family 16
[    0.785212] cpuidle: using governor ladder
[    0.797579] cpuidle: using governor menu
[    0.800092] PCCT header not found.
[    0.802404] ACPI: bus type PCI registered
[    0.804953] acpiphp: ACPI Hot Plug PCI Controller Driver version: 0.5
[    0.808998] PCI: Using configuration type 1 for base access
[    0.826126] ACPI: Added _OSI(Module Device)
[    0.828836] ACPI: Added _OSI(Processor Device)
[    0.831655] ACPI: Added _OSI(3.0 _SCP Extensions)
[    0.834551] ACPI: Added _OSI(Processor Aggregator Device)
[    0.838555] ACPI: Executed 1 blocks of module-level executable AML code
[    0.844459] ACPI: Interpreter enabled
[    0.846848] ACPI: (supports S0 S5)
[    0.849057] ACPI: Using IOAPIC for interrupt routing
[    0.852287] PCI: Using host bridge windows from ACPI; if necessary, use "pci=nocrs" and report a bug
[    0.861762] ACPI: PCI Root Bridge [PCI0] (domain 0000 [bus 00-ff])
[    0.865660] acpi PNP0A03:00: _OSC: OS supports [ASPM ClockPM Segments MSI]
[    0.870099] acpi PNP0A03:00: _OSC: not requesting OS control; OS requires [ExtendedConfig ASPM ClockPM MSI]
[    0.876140] acpi PNP0A03:00: fail to add MMCONFIG information, can't access extended PCI configuration space under this bridge.
[    0.883535] PCI host bridge to bus 0000:00
[    0.886160] pci_bus 0000:00: root bus resource [io  0x0000-0x0cf7 window]
[    0.890317] pci_bus 0000:00: root bus resource [io  0x0d00-0xffff window]
[    0.894467] pci_bus 0000:00: root bus resource [mem 0x000a0000-0x000bffff window]
[    0.899245] pci_bus 0000:00: root bus resource [mem 0x40000000-0xfdffffff window]
[    0.903972] pci_bus 0000:00: root bus resource [bus 00-ff]
[    0.917102] pci 0000:00:01.1: legacy IDE quirk: reg 0x10: [io  0x01f0-0x01f7]
[    0.921549] pci 0000:00:01.1: legacy IDE quirk: reg 0x14: [io  0x03f6]
[    0.925572] pci 0000:00:01.1: legacy IDE quirk: reg 0x18: [io  0x0170-0x0177]
[    0.930066] pci 0000:00:01.1: legacy IDE quirk: reg 0x1c: [io  0x0376]
[    0.946510] pci 0000:00:07.0: quirk: [io  0x4000-0x403f] claimed by PIIX4 ACPI
[    0.951424] pci 0000:00:07.0: quirk: [io  0x4100-0x410f] claimed by PIIX4 SMB
[    0.963524] ACPI: PCI Interrupt Link [LNKA] (IRQs 5 9 10 *11)
[    0.968138] ACPI: PCI Interrupt Link [LNKB] (IRQs 5 9 *10 11)
[    0.972531] ACPI: PCI Interrupt Link [LNKC] (IRQs 5 *9 10 11)
[    0.976775] ACPI: PCI Interrupt Link [LNKD] (IRQs 5 9 10 *11)
[    0.981043] ACPI: Enabled 2 GPEs in block 00 to 07
[    0.984596] vgaarb: setting as boot device: PCI:0000:00:02.0
[    0.988019] vgaarb: device added: PCI:0000:00:02.0,decodes=io+mem,owns=io+mem,locks=none
[    0.993015] vgaarb: loaded
[    0.994771] vgaarb: bridge control possible 0000:00:02.0
[    0.998276] SCSI subsystem initialized
[    1.000822] ACPI: bus type USB registered
[    1.003400] usbcore: registered new interface driver usbfs
[    1.006824] usbcore: registered new interface driver hub
[    1.010153] usbcore: registered new device driver usb
[    1.013648] PCI: Using ACPI for IRQ routing
[    1.017665] NetLabel: Initializing
[    1.019925] NetLabel:  domain hash size = 128
[    1.022801] NetLabel:  protocols = UNLABELED CIPSOv4
[    1.025887] NetLabel:  unlabeled traffic allowed by default
[    1.029395] amd_nb: Cannot enumerate AMD northbridges
[    1.032639] clocksource: Switched to clocksource kvm-clock
[    1.042417] AppArmor: AppArmor Filesystem Enabled
[    1.045505] pnp: PnP ACPI init
[    1.048694] pnp: PnP ACPI: found 3 devices
[    1.061751] clocksource: acpi_pm: mask: 0xffffff max_cycles: 0xffffff, max_idle_ns: 2085701024 ns
[    1.067286] NET: Registered protocol family 2
[    1.070130] TCP established hash table entries: 8192 (order: 4, 65536 bytes)
[    1.074414] TCP bind hash table entries: 8192 (order: 5, 131072 bytes)
[    1.078403] TCP: Hash tables configured (established 8192 bind 8192)
[    1.082291] UDP hash table entries: 512 (order: 2, 16384 bytes)
[    1.085953] UDP-Lite hash table entries: 512 (order: 2, 16384 bytes)
[    1.089920] NET: Registered protocol family 1
[    1.092654] pci 0000:00:00.0: Limiting direct PCI/PCI transfers
[    1.096319] pci 0000:00:01.0: Activating ISA DMA hang workarounds
[    1.100243] Unpacking initramfs...
[    1.293845] Freeing initrd memory: 14884K
[    1.296814] clocksource: tsc: mask: 0xffffffffffffffff max_cycles: 0x311fd3cd494, max_idle_ns: 440795223879 ns
[    1.303125] platform rtc_cmos: registered platform RTC device (no PNP device found)
[    1.307941] Scanning for low memory corruption every 60 seconds
[    1.312164] audit: initializing netlink subsys (disabled)
[    1.315559] audit: type=2000 audit(1598845340.819:1): initialized
[    1.319575] Initialise system trusted keyring
[    1.322715] HugeTLB registered 2 MB page size, pre-allocated 0 pages
[    1.327580] zbud: loaded
[    1.329777] VFS: Disk quotas dquot_6.6.0
[    1.332334] VFS: Dquot-cache hash table entries: 512 (order 0, 4096 bytes)
[    1.336852] squashfs: version 4.0 (2009/01/31) Phillip Lougher
[    1.340834] fuse init (API version 7.23)
[    1.343537] Key type big_key registered
[    1.346053] Allocating IMA MOK and blacklist keyrings.
[    1.351363] Key type asymmetric registered
[    1.353923] Asymmetric key parser 'x509' registered
[    1.357007] Block layer SCSI generic (bsg) driver version 0.4 loaded (major 249)
[    1.361769] io scheduler noop registered
[    1.364240] io scheduler deadline registered (default)
[    1.367479] io scheduler cfq registered
[    1.370002] pci_hotplug: PCI Hot Plug PCI Core version: 0.5
[    1.373655] pciehp: PCI Express Hot Plug Controller Driver version: 0.4
[    1.378113] ACPI: AC Adapter [AC] (on-line)
[    1.381286] input: Power Button as /devices/LNXSYSTM:00/LNXPWRBN:00/input/input0
[    1.386273] ACPI: Power Button [PWRF]
[    1.388961] input: Sleep Button as /devices/LNXSYSTM:00/LNXSLPBN:00/input/input1
[    1.393754] ACPI: Sleep Button [SLPF]
[    1.396410] GHES: HEST is not enabled!
[    1.399519] Serial: 8250/16550 driver, 32 ports, IRQ sharing enabled
[    1.425004] 00:02: ttyS0 at I/O 0x3f8 (irq = 4, base_baud = 115200) is a 16550A
[    1.434013] Linux agpgart interface v0.103
[    1.438902] loop: module loaded
[    1.441666] scsi host0: ata_piix
[    1.444391] scsi host1: ata_piix
[    1.446757] ata1: PATA max UDMA/33 cmd 0x1f0 ctl 0x3f6 bmdma 0xd000 irq 14
[    1.451700] ata2: PATA max UDMA/33 cmd 0x170 ctl 0x376 bmdma 0xd008 irq 15
[    1.456681] libphy: Fixed MDIO Bus: probed
[    1.459575] tun: Universal TUN/TAP device driver, 1.6
[    1.462736] tun: (C) 1999-2004 Max Krasnyansky <maxk@qualcomm.com>
[    1.466604] PPP generic driver version 2.4.2
[    1.469699] ehci_hcd: USB 2.0 'Enhanced' Host Controller (EHCI) Driver
[    1.474643] ehci-pci: EHCI PCI platform driver
[    1.478539] ehci-platform: EHCI generic platform driver
[    1.482401] ohci_hcd: USB 1.1 'Open' Host Controller (OHCI) Driver
[    1.486426] ohci-pci: OHCI PCI platform driver
[    1.489322] ohci-platform: OHCI generic platform driver
[    1.492772] uhci_hcd: USB Universal Host Controller Interface driver
[    1.496666] i8042: PNP: PS/2 Controller [PNP0303:PS2K,PNP0f03:PS2M] at 0x60,0x64 irq 1,12
[    1.502097] serio: i8042 KBD port at 0x60,0x64 irq 1
[    1.505172] serio: i8042 AUX port at 0x60,0x64 irq 12
[    1.508654] mousedev: PS/2 mouse device common for all mice
[    1.512604] input: AT Translated Set 2 keyboard as /devices/platform/i8042/serio0/input/input2
[    1.517042] rtc_cmos rtc_cmos: rtc core: registered rtc_cmos as rtc0
[    1.517088] rtc_cmos rtc_cmos: alarms up to one day, 114 bytes nvram
[    1.517093] i2c /dev entries driver
[    1.517153] device-mapper: uevent: version 1.0.3
[    1.517228] device-mapper: ioctl: 4.34.0-ioctl (2015-10-28) initialised: dm-devel@redhat.com
[    1.517241] ledtrig-cpu: registered to indicate activity on CPUs
[    1.517564] NET: Registered protocol family 10
[    1.517686] NET: Registered protocol family 17
[    1.517694] Key type dns_resolver registered
[    1.517857] registered taskstats version 1
[    1.517870] Loading compiled-in X.509 certificates
[    1.518475] Loaded X.509 cert 'Build time autogenerated kernel key: f06b7227f29f55afa9b8968d1b82289d30ebc7c3'
[    1.518505] zswap: loaded using pool lzo/zbud
[    1.520413] Key type trusted registered
[    1.523529] Key type encrypted registered
[    1.523551] AppArmor: AppArmor sha1 policy hashing enabled
[    1.523554] ima: No TPM chip found, activating TPM-bypass!
[    1.523559] ima: Allocated hash algorithm: sha1
[    1.523570] evm: HMAC attrs: 0x1
[    1.523960]   Magic number: 0:343:716
[    1.526165] rtc_cmos rtc_cmos: setting system clock to 2020-08-31 03:42:14 UTC (1598845334)
[    1.526226] BIOS EDD facility v0.16 2004-Jun-25, 0 devices found
[    1.526226] EDD information not available.
[    1.636279] Freeing unused kernel memory: 1492K
[    1.639251] Write protecting the kernel read-only data: 14336k
[    1.643416] Freeing unused kernel memory: 1592K
[    1.646521] Freeing unused kernel memory: 56K
Loading, please wait...
starting version 229
[    1.662387] random: systemd-udevd: uninitialized urandom read (16 bytes read, 3 bits of entropy available)
[    1.663152] random: udevadm: uninitialized urandom read (16 bytes read, 3 bits of entropy available)
[    1.663168] random: udevadm: uninitialized urandom read (16 bytes read, 3 bits of entropy available)
[    1.672961] random: udevadm: uninitialized urandom read (16 bytes read, 3 bits of entropy available)
[    1.673018] random: udevadm: uninitialized urandom read (16 bytes read, 3 bits of entropy available)
[    1.673208] random: udevadm: uninitialized urandom read (16 bytes read, 3 bits of entropy available)
[    1.673270] random: udevadm: uninitialized urandom read (16 bytes read, 3 bits of entropy available)
[    1.673349] random: udevadm: uninitialized urandom read (16 bytes read, 3 bits of entropy available)
[    1.673412] random: udevadm: uninitialized urandom read (16 bytes read, 3 bits of entropy available)
[    1.673473] random: udevadm: uninitialized urandom read (16 bytes read, 3 bits of entropy available)
[    1.746435] e1000: Intel(R) PRO/1000 Network Driver - version 7.3.21-k8-NAPI
[    1.751124] e1000: Copyright (c) 1999-2006 Intel Corporation.
[    1.758471] Fusion MPT base driver 3.04.20
[    1.761310] Copyright (c) 1999-2008 LSI Corporation
[    1.779870] Fusion MPT SPI Host driver 3.04.20
[    1.783718] AVX2 version of gcm_enc/dec engaged.
[    1.786787] AES CTR mode by8 optimization enabled
[    1.975641] input: ImExPS/2 Generic Explorer Mouse as /devices/platform/i8042/serio1/input/input4
[    2.173949] e1000 0000:00:03.0 eth0: (PCI:33MHz:32-bit) 02:98:c6:81:17:55
[    2.178219] e1000 0000:00:03.0 eth0: Intel(R) PRO/1000 Network Connection
[    3.198130] e1000 0000:00:08.0 eth1: (PCI:33MHz:32-bit) 08:00:27:4f:56:5e
[    3.202579] e1000 0000:00:08.0 eth1: Intel(R) PRO/1000 Network Connection
[    3.207337] mptbase: ioc0: Initiating bringup
[    3.207759] e1000 0000:00:08.0 enp0s8: renamed from eth1
[    3.221087] e1000 0000:00:03.0 enp0s3: renamed from eth0
[    3.285426] ioc0: LSI53C1030 A0: Capabilities={Initiator}
[    3.451813] scsi host2: ioc0: LSI53C1030 A0, FwRev=00000000h, Ports=1, MaxQ=256, IRQ=20
[    3.569222] scsi 2:0:0:0: Direct-Access     VBOX     HARDDISK         1.0  PQ: 0 ANSI: 5
[    3.574517] scsi target2:0:0: Beginning Domain Validation
[    3.580909] scsi target2:0:0: Domain Validation skipping write tests
[    3.584716] scsi target2:0:0: Ending Domain Validation
[    3.588106] scsi target2:0:0: asynchronous
[    3.599612] scsi 2:0:1:0: Direct-Access     VBOX     HARDDISK         1.0  PQ: 0 ANSI: 5
[    3.604966] scsi target2:0:1: Beginning Domain Validation
[    3.611390] scsi target2:0:1: Domain Validation skipping write tests
[    3.615436] scsi target2:0:1: Ending Domain Validation
[    3.618875] scsi target2:0:1: asynchronous
[    3.638004] sd 2:0:0:0: Attached scsi generic sg0 type 0
[    3.642134] sd 2:0:0:0: [sda] 20971520 512-byte logical blocks: (10.7 GB/10.0 GiB)
[    3.648269] sd 2:0:1:0: [sdb] 20480 512-byte logical blocks: (10.5 MB/10.0 MiB)
[    3.653966] sd 2:0:0:0: [sda] Write Protect is off
[    3.654340] sd 2:0:1:0: Attached scsi generic sg1 type 0
[    3.662035] sd 2:0:0:0: [sda] Incomplete mode parameter data
[    3.666119] sd 2:0:0:0: [sda] Assuming drive cache: write through
[    3.673673] sd 2:0:1:0: [sdb] Write Protect is off
[    3.676022]  sda: sda1
[    3.680471] sd 2:0:0:0: [sda] Attached SCSI disk
[    3.684882] sd 2:0:1:0: [sdb] Incomplete mode parameter data
[    3.690554] sd 2:0:1:0: [sdb] Assuming drive cache: write through
[    3.703824] sd 2:0:1:0: [sdb] Attached SCSI disk
Begin: Loading essential drivers ... [    5.007561] md: linear personality registered for level -1
[    5.013169] md: multipath personality registered for level -4
[    5.018878] md: raid0 personality registered for level 0
[    5.025590] md: raid1 personality registered for level 1
[    5.096836] raid6: sse2x1   gen() 13044 MB/s
[    5.164815] raid6: sse2x1   xor()  9817 MB/s
[    5.232680] raid6: sse2x2   gen() 16250 MB/s
[    5.300644] raid6: sse2x2   xor() 11135 MB/s
[    5.368798] raid6: sse2x4   gen() 18421 MB/s
[    5.436898] raid6: sse2x4   xor() 11864 MB/s
[    5.504892] raid6: avx2x1   gen() 21825 MB/s
[    5.572929] raid6: avx2x2   gen() 30258 MB/s
[    5.641302] raid6: avx2x4   gen() 33528 MB/s
[    5.644124] raid6: using algorithm avx2x4 gen() 33528 MB/s
[    5.647578] raid6: using avx2x2 recovery algorithm
[    5.651749] xor: automatically using best checksumming function:
[    5.720711]    avx       : 69585.000 MB/sec
[    5.724529] async_tx: api initialized (async)
[    5.735927] md: raid6 personality registered for level 6
[    5.739603] md: raid5 personality registered for level 5
[    5.742930] md: raid4 personality registered for level 4
[    5.751754] md: raid10 personality registered for level 10
done.
Begin: Running /scripts/init-premount ... done.
Begin: Mounting root file system ... Begin: Running /scripts/local-top ... done.
Begin: Running /scripts/local-premount ... [    5.779806] Btrfs loaded
Scanning for Btrfs filesystems
done.
Warning: fsck not present, so skipping root file system
[    5.870855] EXT4-fs (sda1): mounted filesystem with ordered data mode. Opts: (null)
done.
Begin: Running /scripts/local-bottom ... done.
Begin: Running /scripts/init-bottom ... done.
[    6.317793] systemd[1]: systemd 229 running in system mode. (+PAM +AUDIT +SELINUX +IMA +APPARMOR +SMACK +SYSVINIT +UTMP +LIBCRYPTSETUP +GCRYPT +GNUTLS +ACL +XZ -LZ4 +SECCOMP +BLKID +ELFUTILS +KMOD -IDN)
[    6.329074] systemd[1]: Detected virtualization oracle.
[    6.332781] systemd[1]: Detected architecture x86-64.

Welcome to [1mUbuntu 16.04.7 LTS[0m!

[    6.451033] systemd[1]: Set hostname to <ubuntu>.
[    6.479131] systemd[1]: Initializing machine ID from random generator.
[    6.483402] systemd[1]: Installed transient /etc/machine-id file.
[    6.951525] systemd[1]: Listening on LVM2 poll daemon socket.
[[0;32m  OK  [0m] Listening on LVM2 poll daemon socket.
[    6.961007] systemd[1]: Listening on /dev/initctl Compatibility Named Pipe.
[[0;32m  OK  [0m] Listening on /dev/initctl Compatibility Named Pipe.
[    6.972986] systemd[1]: Listening on udev Kernel Socket.
[[0;32m  OK  [0m] Listening on udev Kernel Socket.
[    6.984928] systemd[1]: Listening on udev Control Socket.
[[0;32m  OK  [0m] Listening on udev Control Socket.
[    6.996837] systemd[1]: Reached target Swap.
[[0;32m  OK  [0m] Reached target Swap.
[    7.004911] systemd[1]: Started Trigger resolvconf update for networkd DNS.
[[0;32m  OK  [0m] Started Trigger resolvconf update for networkd DNS.
[    7.016882] systemd[1]: Listening on Journal Socket (/dev/log).
[[0;32m  OK  [0m] Listening on Journal Socket (/dev/log).
[    7.029545] systemd[1]: Created slice System Slice.
[[0;32m  OK  [0m] Created slice System Slice.
[    7.041057] systemd[1]: Listening on LVM2 metadata daemon socket.
[[0;32m  OK  [0m] Listening on LVM2 metadata daemon socket.
[    7.053246] systemd[1]: Set up automount Arbitrary Executable File Formats File System Automount Point.
[[0;32m  OK  [0m] Set up automount Arbitrary Executab...ats File System Automount Point.
[    7.069027] systemd[1]: Listening on Syslog Socket.
[[0;32m  OK  [0m] Listening on Syslog Socket.
[    7.081066] systemd[1]: Reached target User and Group Name Lookups.
[[0;32m  OK  [0m] Reached target User and Group Name Lookups.
[    7.093307] systemd[1]: Started Forward Password Requests to Wall Directory Watch.
[[0;32m  OK  [0m] Started Forward Password Requests to Wall Directory Watch.
[    7.105220] systemd[1]: Reached target Encrypted Volumes.
[[0;32m  OK  [0m] Reached target Encrypted Volumes.
[    7.117186] systemd[1]: Reached target System Time Synchronized.
[[0;32m  OK  [0m] Reached target System Time Synchronized.
[    7.129412] systemd[1]: Created slice User and Session Slice.
[[0;32m  OK  [0m] Created slice User and Session Slice.
[    7.141408] systemd[1]: Reached target Slices.
[[0;32m  OK  [0m] Reached target Slices.
[    7.153662] systemd[1]: Created slice system-serial\x2dgetty.slice.
[[0;32m  OK  [0m] Created slice system-serial\x2dgetty.slice.
[    7.165432] systemd[1]: Listening on Device-mapper event daemon FIFOs.
[[0;32m  OK  [0m] Listening on Device-mapper event daemon FIFOs.
[    7.177131] systemd[1]: Listening on Journal Socket.
[[0;32m  OK  [0m] Listening on Journal Socket.
[    7.201117] systemd[1]: Mounting Huge Pages File System...
         Mounting Huge Pages File System...
[    7.213824] systemd[1]: Starting Monitoring of LVM2 mirrors, snapshots etc. using dmeventd or progress polling...
         Starting Monitoring of LVM2 mirrors... dmeventd or progress polling...
[    7.229907] systemd[1]: Starting Remount Root and Kernel File Systems...
         Starting Remount Root and Kernel File Systems...
[    7.239468] EXT4-fs (sda1): re-mounted. Opts: (null)
[    7.243028] systemd[1]: Starting Create list of required static device nodes for the current kernel...
         Starting Create list of required st... nodes for the current kernel...
[    7.258249] systemd[1]: Mounting Debug File System...
         Mounting Debug File System...
[    7.269419] systemd[1]: Starting Set console keymap...
         Starting Set console keymap...
[    7.281479] systemd[1]: Mounting POSIX Message Queue File System...
         Mounting POSIX Message Queue File System...
[    7.295479] systemd[1]: Starting Nameserver information manager...
         Starting Nameserver information manager...
[    7.328916] systemd[1]: Starting Load Kernel Modules...
         Starting Load Kernel Modules...
[    7.358194] systemd[1]: Starting Uncomplicated firewall...
         Starting Uncomplicated firewall...
[    7.369118] systemd[1]: Listening on Journal Audit Socket.
[[0;32m  OK  [0m] Listening on Journal Audit Socket.
[    7.376203] Loading iSCSI transport class v2.0-870.
[    7.391721] iscsi: registered transport (tcp)
[    7.400935] systemd[1]: Starting Journal Service...
         Starting Journal Service...
[    7.414775] systemd[1]: Mounted Huge Pages File System.
[[0;32m  OK  [0m] Mounted Huge Pages File System.
[    7.429084] systemd[1]: Mounted POSIX Message Queue File System.
[[0;32m  OK  [0m] Mounted POSIX Message Queue File System.
[    7.441149] systemd[1]: Mounted Debug File System.
[[0;32m  OK  [0m] Mounted Debug File System.
[    7.457629] systemd[1]: Started Remount Root and Kernel File Systems.
[    7.463101] iscsi: registered transport (iser)
[    7.466786] random: nonblocking pool is initialized
[[0;32m  OK  [0m] Started Remount Root and Kernel File Systems.
[    7.477686] systemd[1]: Started Create list of required static device nodes for the current kernel.
[[0;32m  OK  [0m] Started Create list of required sta...ce nodes for the current kernel.
[    7.489941] systemd[1]: Started Set console keymap.
[[0;32m  OK  [0m] Started Set console keymap.
[    7.541539] systemd[1]: Started Load Kernel Modules.
[[0;32m  OK  [0m] Started Load Kernel Modules.
[    7.557561] systemd[1]: Started Uncomplicated firewall.
[[0;32m  OK  [0m] Started Uncomplicated firewall.
[    7.585272] systemd[1]: Started Nameserver information manager.
[[0;32m  OK  [0m] Started Nameserver information manager.
[    7.598487] systemd[1]: Started Journal Service.
[[0;32m  OK  [0m] Started Journal Service.
[[0;32m  OK  [0m] Started LVM2 metadata daemon.
         Mounting FUSE Control File System...
         Starting Apply Kernel Variables...
         Starting Create Static Device Nodes in /dev...
         Starting Load/Save Random Seed...
         Starting udev Coldplug all Devices...
         Starting Flush Journal to Persistent Storage...
[[0;32m  OK  [0m] Mounted FUSE Control File System.
[[0;32m  OK  [0m] Started Load/Save Random Seed.
[    7.669518] systemd-journald[399]: Received request to flush runtime journal from PID 1
[[0;32m  OK  [0m] Started Flush Journal to Persistent Storage.
[[0;32m  OK  [0m] Started Apply Kernel Variables.
[[0;32m  OK  [0m] Started Create Static Device Nodes in /dev.
[[0;32m  OK  [0m] Started udev Coldplug all Devices.
         Starting udev Kernel Device Manager...
[[0;32m  OK  [0m] Started udev Kernel Device Manager.
[[0;32m  OK  [0m] Started Dispatch Password Requests to Console Directory Watch.
[[0;32m  OK  [0m] Found device /dev/ttyS0.
[[0;32m  OK  [0m] Listening on Load/Save RF Kill Switch Status /dev/rfkill Watch.
[[0;32m  OK  [0m] Started Monitoring of LVM2 mirrors,...ng dmeventd or progress polling.
[[0;32m  OK  [0m] Reached target Local File Systems (Pre).
[[0;32m  OK  [0m] Reached target Local File Systems.
         Starting Create Volatile Files and Directories...
         Starting LSB: AppArmor initialization...
         Starting Initial cloud-init job (pre-networking)...
         Starting Set console font and keymap...
         Starting Tell Plymouth To Write Out Runtime Data...
         Starting Commit a transient machine-id on disk...
[[0;32m  OK  [0m] Started Create Volatile Files and Directories.
[[0;32m  OK  [0m] Started Tell Plymouth To Write Out Runtime Data.
[[0;32m  OK  [0m] Started Commit a transient machine-id on disk.
         Starting Update UTMP about System Boot/Shutdown...
[[0;32m  OK  [0m] Started Update UTMP about System Boot/Shutdown.
[[0;32m  OK  [0m] Started Set console font and keymap.
[[0;32m  OK  [0m] Created slice system-getty.slice.
[[0;32m  OK  [0m] Started LSB: AppArmor initialization.
         Starting Load AppArmor profiles managed internally by snapd...
[[0;32m  OK  [0m] Started Load AppArmor profiles managed internally by snapd.
[   10.293979] cloud-init[617]: Cloud-init v. 20.2-45-g5f7825e2-0ubuntu1~16.04.1 running 'init-local' at Mon, 31 Aug 2020 03:42:23 +0000. Up 9.94 seconds.
[[0;32m  OK  [0m] Started Initial cloud-init job (pre-networking).
[[0;32m  OK  [0m] Reached target Network (Pre).
         Starting Raise network interfaces...
[[0;32m  OK  [0m] Started Raise network interfaces.
[[0;32m  OK  [0m] Reached target Network.
         Starting Initial cloud-init job (metadata service crawler)...
[   11.430042] cloud-init[962]: Cloud-init v. 20.2-45-g5f7825e2-0ubuntu1~16.04.1 running 'init' at Mon, 31 Aug 2020 03:42:24 +0000. Up 10.79 seconds.
[   11.436777] cloud-init[962]: ci-info: ++++++++++++++++++++++++++++++++++++++Net device info+++++++++++++++++++++++++++++++++++++++
[   11.447833] cloud-init[962]: ci-info: +--------+-------+----------------------------+---------------+--------+-------------------+
[   11.457982] cloud-init[962]: ci-info: | Device |   Up  |          Address           |      Mask     | Scope  |     Hw-Address    |
[   11.464730] [[0;32m  OK  [0m] Started Initial cloud-init job (metadata service crawler).
cloud-init[962]: ci-info: +--------+-------+----------------------------+---------------+--------+-------------------+
[   11.472648] [cloud-init[0;32m  OK  [0m[962]: ] ci-info: | enp0s3 |  True |         10.0.2.15          | 255.255.255.0 | global | 02:98:c6:81:17:55 |Reached target Network is Online.

[   11.473186] cloud-init[962]: ci-info: | enp0s3 |  True | fe80::98:c6ff:fe81:1755/64 |       .       |  link  | 02:98:c6:81:17:55 |
[   11.492761] cloud-init[962]: ci-info: | enp0s8 | False |             .              |       .       |   .    | 08:00:27:4f:56:5e |
[   11.500207]          cloud-initStarting iSCSI initiator daemon (iscsid)...[962]: 
ci-info: |   lo   |  True |         127.0.0.1          |   255.0.0.0   |  host  |         .         |
[   11.508853] cloud-init[962]: ci-info: |   lo   |  True |          ::1/128           |       .       |  host  |         .         |
[   11.509132] cloud-init[962]: ci-info: +--------+-------+----------------------------+---------------+--------+-------------------+
[[0;32m  OK  [0m] Reached target System Initialization.
         [   11.509198] Starting Socket activation for snappy daemon.cloud-init
[962]: ci-info: +++++++++++++++++++++++++++Route IPv4 info++++++++++++++++++++++++++++
[   11.528582] cloud-init[962]: ci-info: +-------+-------------+----------+---------------+-----------+-------+
[   11.528819] [cloud-init[0;32m  OK  [0m[962]: ] ci-info: | Route | Destination | Gateway  |    Genmask    | Interface | Flags |Started ACPI Events Check.

[[   11.528875] [0;32m  OK  [0mcloud-init] [962]: Reached target Paths.ci-info: +-------+-------------+----------+---------------+-----------+-------+

[   11.548540] cloud-init[962]: ci-info: |   0   |   0.0.0.0   | 10.0.2.2 |    0.0.0.0    |   enp0s3  |   UG  |
[   11.548768] cloud-init[962]: ci-info: |   1   |   10.0.2.0  | 0.0.0.0  | 255.255.255.0 |   enp0s3  |   U   |
         Starting LXD - unix socket.
[[   11.548817] [0;32m  OK  [0mcloud-init] [962]: Started Daily apt download activities.ci-info: +-------+-------------+----------+---------------+-----------+-------+

[   11.564860] cloud-init[962]: ci-info: +++++++++++++++++++Route IPv6 info+++++++++++++++++++
[[   11.565085] [0;32m  OK  [0mcloud-init] [962]: Listening on UUID daemon activation socket.ci-info: +-------+-------------+---------+-----------+-------+

[[   11.565165] [0;32m  OK  [0mcloud-init] [962]: Listening on ACPID Listen Socket.ci-info: | Route | Destination | Gateway | Interface | Flags |

[   11.580810] cloud-init[962]: ci-info: +-------+-------------+---------+-----------+-------+
[   11.581047] cloud-init[962]: ci-info: |   0   |  fe80::/64  |    ::   |   enp0s3  |   U   |
[[0;32m  OK  [0m] Started Daily apt upgrade and clean activities.
[[   11.581124] [0;32m  OK  [0mcloud-init] [962]: Started Daily Cleanup of Temporary Directories.ci-info: |   3   |   ff00::/8  |    ::   |   enp0s3  |   U   |

[   11.596925] cloud-init[962]: ci-info: +-------+-------------+---------+-----------+-------+
[   11.597165] cloud-init[962]: Generating public/private rsa key pair.
[[0;32m  OK  [0m] Listening on D-Bus System Message Bus Socket.
[[   11.597233] [0;32m  OK  [0mcloud-init] [962]: Started Message of the Day.Your identification has been saved in /etc/ssh/ssh_host_rsa_key.

[   11.612965] cloud-init[962]: Your public key has been saved in /etc/ssh/ssh_host_rsa_key.pub.
[   11.613187] cloud-init[962]: The key fingerprint is:
[[0;32m  OK  [0m] Reached target Timers.
[[   11.613268] [0;32m  OK  [0mcloud-init] [962]: Reached target Cloud-config availability.SHA256:XKUMOWe9y3uy6onW3kBAagDFQ9x0xNlJSKzgLjtfggY root@ubuntu-xenial

[   11.628818] cloud-init[962]: The key's randomart image is:
[   11.636460] cloud-init[962]: +---[RSA 2048]----+
[   11.636692] cloud-init[962]: |  .*+o.=**.o.    |
[[0;32m  OK  [0m] Listening on Socket activation for snappy daemon.
[[   11.636828] [0;32m  OK  [0mcloud-init] [962]: Listening on LXD - unix socket.|    =..+Bo=o.    |

[[   11.644274] cloud-init[962]: |   . oo..++  .   |
[0;32m  OK  [0m] Reached target Sockets.
[[   11.644759] [0;32m  OK  [0mcloud-init] [962]: Reached target Basic System.|    .... o  .    |

[   11.664949] cloud-init[962]: |E  .    S .. .   |
[   11.672317] cloud-init[962]: | ....    .  o    |
[[0;32m  OK  [0m] Started Deferred execution scheduler.
[   11.672639] cloud-init[962]: |  oo. .  ..  .   |
[   11.680528] cloud-init[962]: | .o  o  ...+o .  |
[   11.680815] cloud-init[962]: |   o.  ..o=.o+   |
         Starting LSB: MD monitoring daemon...
[   11.680871] cloud-init[962]: +----[SHA256]-----+
[   11.696424] cloud-init[962]: Generating public/private dsa key pair.
[   11.696642] cloud-init[962]: Your identification has been saved in /etc/ssh/ssh_host_dsa_key.
         Starting Pollinate to seed the pseudo random number generator...
[   11.696706] cloud-init[962]: Your public key has been saved in /etc/ssh/ssh_host_dsa_key.pub.
[   11.712657] cloud-init[962]: The key fingerprint is:
[   11.720748] cloud-init[962]: SHA256:jCTXk0lnxkg+Xo5W1QFJ+L5yLDvwl0KY6jiWIdN9f3s root@ubuntu-xenial
[[0;32m  OK  [0m] Started ACPI event daemon.
[   11.720942] cloud-init[962]: The key's randomart image is:
[   11.721182] cloud-init[962]: +---[DSA 1024]----+
[   11.736254] cloud-init[962]: |       .oo+o++.. |
[   11.736441] cloud-init[962]: |       +.*o.. .  |
[[0;32m  OK  [0m] Started FUSE filesystem for LXC.
[   11.736539] cloud-init[962]: |    . o B o.     |
         Starting /etc/rc.local Compatibility...
[   11.745915] cloud-init[962]: |     + + B  .    |
[   11.764301] cloud-init[962]: |   . .. So..     |
         Starting Login Service...
[   11.764660] cloud-init[962]: |  o o ..= . .    |
[   11.782383] cloud-init[962]: |   o o o = . o   |
[   11.782623] cloud-init[962]: |    +..   B B E  |
         Starting Accounts Service...
[   11.782764] cloud-init[962]: |   ..o.   .X.o   |
[   11.796582] cloud-init[962]: +----[SHA256]-----+
[   11.804590] cloud-init[962]: Generating public/private ecdsa key pair.
[   11.804781] cloud-init[962]: Your identification has been saved in /etc/ssh/ssh_host_ecdsa_key.
         Starting LXD - container startup/shutdown...
[   11.804866] cloud-init[962]: Your public key has been saved in /etc/ssh/ssh_host_ecdsa_key.pub.
[   11.820347] cloud-init[962]: The key fingerprint is:
[   11.820536] cloud-init[962]: SHA256:RhgoTidSqdrxhUgMdztWEaWmqhRxkRtV+rHrhtKg65Y root@ubuntu-xenial
         Starting Snap Daemon...
[   11.820626] cloud-init[962]: The key's randomart image is:
[   11.829540] cloud-init[962]: +---[ECDSA 256]---+
[   11.836369] cloud-init[962]: |.+oo+o*=.        |
[   11.836555] cloud-init[962]: |..B++o.+         |
[[0;32m  OK  [0m] Started Regular background program processing daemon.
[   11.836639] cloud-init[962]: | B **o+..        |
[   11.852416] cloud-init[962]: |. *o.+o.o        |
[   11.852696] [cloud-init[0;32m  OK  [0m[962]: ] |.o o.. oS        |Started D-Bus System Message Bus.

[   11.852759] cloud-init[962]: |. oo.  ..        |
[   11.868449] cloud-init[962]: | .+ o ..         |
[   11.869492] cloud-init[962]: |.E . o..         |
[   11.876631] cloud-init[962]: |+o. . ..         |
[   11.884412] cloud-init[962]: +----[SHA256]-----+
[   11.892392] cloud-init[962]: Generating public/private ed25519 key pair.
[   11.893597] cloud-init[962]: Your identification has been saved in /etc/ssh/ssh_host_ed25519_key.
[   11.900301] cloud-init[962]: Your public key has been saved in /etc/ssh/ssh_host_ed25519_key.pub.
[   11.908382] cloud-init[962]: The key fingerprint is:
[   11.916504] cloud-init[962]: SHA256:ti3DaHMTNAn6SR2/93v4/D/K1zWWy5J2jPZN0wYE2ek root@ubuntu-xenial
[   11.924280] cloud-init[962]: The key's randomart image is:
[   11.932244] cloud-init[962]: +--[ED25519 256]--+
[   11.940219] cloud-init[962]: |      . .   .o . |
[   11.948404] cloud-init[962]: |     . o +  ..o  |
[   11.956776] cloud-init[962]: |    . . = .  ..  |
[   11.964670] cloud-init[962]: |     o o . . .E  |
[   11.972813] cloud-init[962]: |      o S . . . .|
[   11.980576] cloud-init[962]: |       + + . . =o|
[   11.988306] cloud-init[962]: |      + B .   BoO|
[   11.996390] cloud-init[962]: |     . o +  .*.%=|
[   12.004293] cloud-init[962]: |            ooB+X|
[   12.012450] cloud-init[962]: +----[SHA256]-----+
         Starting Virtualbox guest utils...
         Starting System Logging Service...
         Starting LSB: Record successful boot for GRUB...
[[0;32m  OK  [0m] Started iSCSI initiator daemon (iscsid).
[[0;32m  OK  [0m] Started /etc/rc.local Compatibility.
         Starting Login to default iSCSI targets...
[[0;32m  OK  [0m] Started Login Service.
[[0;32m  OK  [0m] Started Unattended Upgrades Shutdown.
         Starting Authenticate and Authorize Users to Run Privileged Tasks...
[[0;32m  OK  [0m] Started LSB: Record successful boot for GRUB.
[[0;32m  OK  [0m] Started LSB: MD monitoring daemon.
[[0;32m  OK  [0m] Started Login to default iSCSI targets.
[[0;32m  OK  [0m] Reached target Remote File Systems (Pre).
[[0;32m  OK  [0m] Reached target Remote File Systems.
         Starting LSB: daemon to balance interrupts for SMP systems...
         Starting LSB: automatic crash report generation...
         Starting Permit User Sessions...
         Starting LSB: Set the CPU Frequency Scaling governor to "ondemand"...
[[0;32m  OK  [0m] Started System Logging Service.
[[0;32m  OK  [0m] Started Authenticate and Authorize Users to Run Privileged Tasks.
[[0;32m  OK  [0m] Started Accounts Service.
[[0;32m  OK  [0m] Started Permit User Sessions.
         Starting Hold until boot process finishes up...
         Starting Terminate Plymouth Boot Screen...
[[0;32m  OK  [0m] Started LSB: daemon to balance interrupts for SMP systems.
[[0;32m  OK  [0m] Started LSB: Set the CPU Frequency Scaling governor to "ondemand".
[[0;32m  OK  [0m] Started Hold until boot process finishes up.
[[0;32m  OK  [0m] Started Virtualbox guest utils.
[[0;32m  OK  [0m] Started Terminate Plymouth Boot Screen.
[[0;32m  OK  [0m] Started Serial Getty on ttyS0.
[[0;32m  OK  [0m] Started Getty on tty1.
[[0;32m  OK  [0m] Reached target Login Prompts.
         Starting Set console scheme...
[[0;32m  OK  [0m] Started Set console scheme.
[[0;32m  OK  [0m] Started LSB: automatic crash report generation.
[[0;32m  OK  [0m] Started LXD - container startup/shutdown.
[[0;32m  OK  [0m] Started Snap Daemon.
         Starting Wait until snapd is fully seeded...
[[0;32m  OK  [0m] Started Pollinate to seed the pseudo random number generator.
         Starting OpenBSD Secure Shell server...
[[0;32m  OK  [0m] Started OpenBSD Secure Shell server.
[[0;32m  OK  [0m] Created slice User Slice of vagrant.
         Starting User Manager for UID 1000...
[[0;32m  OK  [0m] Started Session 1 of user vagrant.
[[0;32m  OK  [0m] Started User Manager for UID 1000.

Ubuntu 16.04.7 LTS ubuntu-xenial ttyS0

ubuntu-xenial login: [   18.635867] cloud-init[1489]: Generating locales (this might take a while)...
[   19.358403] cloud-init[1489]:   en_US.UTF-8... done
[   19.359016] cloud-init[1489]: Generation complete.
[   19.901494] cloud-init[1489]: Cloud-init v. 20.2-45-g5f7825e2-0ubuntu1~16.04.1 running 'modules:config' at Mon, 31 Aug 2020 03:42:31 +0000. Up 18.47 seconds.
ci-info: no authorized SSH keys fingerprints found for user ubuntu.
<14>Aug 31 03:42:33 ec2: 
<14>Aug 31 03:42:33 ec2: #############################################################
<14>Aug 31 03:42:33 ec2: -----BEGIN SSH HOST KEY FINGERPRINTS-----
<14>Aug 31 03:42:33 ec2: 1024 SHA256:jCTXk0lnxkg+Xo5W1QFJ+L5yLDvwl0KY6jiWIdN9f3s root@ubuntu-xenial (DSA)
<14>Aug 31 03:42:33 ec2: 256 SHA256:RhgoTidSqdrxhUgMdztWEaWmqhRxkRtV+rHrhtKg65Y root@ubuntu-xenial (ECDSA)
<14>Aug 31 03:42:33 ec2: 256 SHA256:ti3DaHMTNAn6SR2/93v4/D/K1zWWy5J2jPZN0wYE2ek root@ubuntu-xenial (ED25519)
<14>Aug 31 03:42:33 ec2: 2048 SHA256:XKUMOWe9y3uy6onW3kBAagDFQ9x0xNlJSKzgLjtfggY root@ubuntu-xenial (RSA)
<14>Aug 31 03:42:33 ec2: -----END SSH HOST KEY FINGERPRINTS-----
<14>Aug 31 03:42:33 ec2: #############################################################
-----BEGIN SSH HOST KEY KEYS-----
ecdsa-sha2-nistp256 AAAAE2VjZHNhLXNoYTItbmlzdHAyNTYAAAAIbmlzdHAyNTYAAABBBDT9sYuvf2QesD+X29O8Gpmmq5EGdsvfpTGB/nomwnxGvm72RA5njGjHxHDlHzI0pY1WAArHKyIMVJlz/qeEDLw= root@ubuntu-xenial
ssh-ed25519 AAAAC3NzaC1lZDI1NTE5AAAAILaIAhRfzlv269d7zWGvuaDFq1FlaW8T+spX3/zcZTF0 root@ubuntu-xenial
ssh-rsa AAAAB3NzaC1yc2EAAAADAQABAAABAQDIWsZ/3LoHsZmaV+vitdNj6oOvz58w3JJztdTzvYD4Rh4LktidhDY3jgYOrUpJiomsDh3+8KrGYpQsMDwc+v9MDh34f2UpY6llBJxosh5MOQufy7Nxb46F0F3W7FH0OZBC9gTx3GK+9jqZ+G+0VMockEx0BfkLk3H11irE9p5iO26tuUm+Z/zRYgmFJ4MBIjIgZ7nE4Dc4CSSir69Joy+HpQjDs96OYwCxR+pWEDduf1J8y9rp9j9zsJqJQJR3jyh0IajXiCJGWAo6gIsGo3ixUaVgTLR7rIP44UXAD8a+x4fchTlE7tOkcsiQpghsZPfyopvxY9Ny372jvPPcPhjJ root@ubuntu-xenial
-----END SSH HOST KEY KEYS-----
[   20.365497] cloud-init[1736]: Cloud-init v. 20.2-45-g5f7825e2-0ubuntu1~16.04.1 running 'modules:final' at Mon, 31 Aug 2020 03:42:33 +0000. Up 20.19 seconds.
[   20.365777] cloud-init[1736]: ci-info: no authorized SSH keys fingerprints found for user ubuntu.
[   20.366270] cloud-init[1736]: Cloud-init v. 20.2-45-g5f7825e2-0ubuntu1~16.04.1 finished at Mon, 31 Aug 2020 03:42:33 +0000. Datasource DataSourceNoCloud [seed=/dev/sdb][dsmode=net].  Up 20.35 seconds
