[    0.000000] Initializing cgroup subsys cpuset
[    0.000000] Initializing cgroup subsys cpu
[    0.000000] Initializing cgroup subsys cpuacct
[    0.000000] Linux version 4.4.0-187-generic (buildd@lgw01-amd64-035) (gcc version 5.4.0 20160609 (Ubuntu 5.4.0-6ubuntu1~16.04.12) ) #217-Ubuntu SMP Tue Jul 21 04:18:15 UTC 2020 (Ubuntu 4.4.0-187.217-generic 4.4.230)
[    0.000000] Command line: BOOT_IMAGE=/boot/vmlinuz-4.4.0-187-generic root=LABEL=cloudimg-rootfs ro console=tty1 console=ttyS0
[    0.000000] KERNEL supported cpus:
[    0.000000]   Intel GenuineIntel
[    0.000000]   AMD AuthenticAMD
[    0.000000]   Centaur CentaurHauls
[    0.000000] x86/fpu: xstate_offset[2]:  576, xstate_sizes[2]:  256
[    0.000000] x86/fpu: Supporting XSAVE feature 0x01: 'x87 floating point registers'
[    0.000000] x86/fpu: Supporting XSAVE feature 0x02: 'SSE registers'
[    0.000000] x86/fpu: Supporting XSAVE feature 0x04: 'AVX registers'
[    0.000000] x86/fpu: Enabled xstate features 0x7, context size is 832 bytes, using 'standard' format.
[    0.000000] e820: BIOS-provided physical RAM map:
[    0.000000] BIOS-e820: [mem 0x0000000000000000-0x000000000009fbff] usable
[    0.000000] BIOS-e820: [mem 0x000000000009fc00-0x000000000009ffff] reserved
[    0.000000] BIOS-e820: [mem 0x00000000000f0000-0x00000000000fffff] reserved
[    0.000000] BIOS-e820: [mem 0x0000000000100000-0x000000003ffeffff] usable
[    0.000000] BIOS-e820: [mem 0x000000003fff0000-0x000000003fffffff] ACPI data
[    0.000000] BIOS-e820: [mem 0x00000000fec00000-0x00000000fec00fff] reserved
[    0.000000] BIOS-e820: [mem 0x00000000fee00000-0x00000000fee00fff] reserved
[    0.000000] BIOS-e820: [mem 0x00000000fffc0000-0x00000000ffffffff] reserved
[    0.000000] NX (Execute Disable) protection: active
[    0.000000] SMBIOS 2.5 present.
[    0.000000] Hypervisor detected: KVM
[    0.000000] e820: last_pfn = 0x3fff0 max_arch_pfn = 0x400000000
[    0.000000] MTRR: Disabled
[    0.000000] x86/PAT: MTRRs disabled, skipping PAT initialization too.
[    0.000000] CPU MTRRs all blank - virtualized system.
[    0.000000] x86/PAT: Configuration [0-7]: WB  WT  UC- UC  WB  WT  UC- UC  
[    0.000000] found SMP MP-table at [mem 0x0009fff0-0x0009ffff] mapped at [ffff88000009fff0]
[    0.000000] Scanning 1 areas for low memory corruption
[    0.000000] RAMDISK: [mem 0x362de000-0x37166fff]
[    0.000000] ACPI: Early table checksum verification disabled
[    0.000000] ACPI: RSDP 0x00000000000E0000 000024 (v02 VBOX  )
[    0.000000] ACPI: XSDT 0x000000003FFF0030 00003C (v01 VBOX   VBOXXSDT 00000001 ASL  00000061)
[    0.000000] ACPI: FACP 0x000000003FFF00F0 0000F4 (v04 VBOX   VBOXFACP 00000001 ASL  00000061)
[    0.000000] ACPI: DSDT 0x000000003FFF0470 002325 (v02 VBOX   VBOXBIOS 00000002 INTL 20100528)
[    0.000000] ACPI: FACS 0x000000003FFF0200 000040
[    0.000000] ACPI: FACS 0x000000003FFF0200 000040
[    0.000000] ACPI: APIC 0x000000003FFF0240 00005C (v02 VBOX   VBOXAPIC 00000001 ASL  00000061)
[    0.000000] ACPI: SSDT 0x000000003FFF02A0 0001CC (v01 VBOX   VBOXCPUT 00000002 INTL 20100528)
[    0.000000] No NUMA configuration found
[    0.000000] Faking a node at [mem 0x0000000000000000-0x000000003ffeffff]
[    0.000000] NODE_DATA(0) allocated [mem 0x3ffeb000-0x3ffeffff]
[    0.000000] kvm-clock: Using msrs 4b564d01 and 4b564d00
[    0.000000] kvm-clock: cpu 0, msr 0:3ffe3001, primary cpu clock
[    0.000000] kvm-clock: using sched offset of 5378235909 cycles
[    0.000000] clocksource: kvm-clock: mask: 0xffffffffffffffff max_cycles: 0x1cd42e4dffb, max_idle_ns: 881590591483 ns
[    0.000000] Zone ranges:
[    0.000000]   DMA      [mem 0x0000000000001000-0x0000000000ffffff]
[    0.000000]   DMA32    [mem 0x0000000001000000-0x000000003ffeffff]
[    0.000000]   Normal   empty
[    0.000000]   Device   empty
[    0.000000] Movable zone start for each node
[    0.000000] Early memory node ranges
[    0.000000]   node   0: [mem 0x0000000000001000-0x000000000009efff]
[    0.000000]   node   0: [mem 0x0000000000100000-0x000000003ffeffff]
[    0.000000] Initmem setup node 0 [mem 0x0000000000001000-0x000000003ffeffff]
[    0.000000] ACPI: PM-Timer IO Port: 0x4008
[    0.000000] IOAPIC[0]: apic_id 2, version 32, address 0xfec00000, GSI 0-23
[    0.000000] ACPI: INT_SRC_OVR (bus 0 bus_irq 0 global_irq 2 dfl dfl)
[    0.000000] ACPI: INT_SRC_OVR (bus 0 bus_irq 9 global_irq 9 low level)
[    0.000000] Using ACPI (MADT) for SMP configuration information
[    0.000000] smpboot: Allowing 2 CPUs, 0 hotplug CPUs
[    0.000000] PM: Registered nosave memory: [mem 0x00000000-0x00000fff]
[    0.000000] PM: Registered nosave memory: [mem 0x0009f000-0x0009ffff]
[    0.000000] PM: Registered nosave memory: [mem 0x000a0000-0x000effff]
[    0.000000] PM: Registered nosave memory: [mem 0x000f0000-0x000fffff]
[    0.000000] e820: [mem 0x40000000-0xfebfffff] available for PCI devices
[    0.000000] Booting paravirtualized kernel on KVM
[    0.000000] clocksource: refined-jiffies: mask: 0xffffffff max_cycles: 0xffffffff, max_idle_ns: 7645519600211568 ns
[    0.000000] setup_percpu: NR_CPUS:512 nr_cpumask_bits:512 nr_cpu_ids:2 nr_node_ids:1
[    0.000000] PERCPU: Embedded 33 pages/cpu @ffff88003fc00000 s95512 r8192 d31464 u1048576
[    0.000000] Built 1 zonelists in Node order, mobility grouping on.  Total pages: 257912
[    0.000000] Policy zone: DMA32
[    0.000000] Kernel command line: BOOT_IMAGE=/boot/vmlinuz-4.4.0-187-generic root=LABEL=cloudimg-rootfs ro console=tty1 console=ttyS0
[    0.000000] PID hash table entries: 4096 (order: 3, 32768 bytes)
[    0.000000] Memory: 997660K/1048120K available (8636K kernel code, 1337K rwdata, 4040K rodata, 1492K init, 1296K bss, 50460K reserved, 0K cma-reserved)
[    0.000000] SLUB: HWalign=64, Order=0-3, MinObjects=0, CPUs=2, Nodes=1
[    0.000000] Kernel/User page tables isolation: enabled
[    0.000000] Hierarchical RCU implementation.
[    0.000000] 	Build-time adjustment of leaf fanout to 64.
[    0.000000] 	RCU restricting CPUs from NR_CPUS=512 to nr_cpu_ids=2.
[    0.000000] RCU: Adjusting geometry for rcu_fanout_leaf=64, nr_cpu_ids=2
[    0.000000] NR_IRQS:33024 nr_irqs:440 16
[    0.000000] Console: colour VGA+ 80x25
[    0.000000] console [tty1] enabled
[    0.000000] console [ttyS0] enabled
[    0.000000] tsc: Detected 3407.998 MHz processor
[    0.489209] Calibrating delay loop (skipped) preset value.. 6815.99 BogoMIPS (lpj=13631992)
[    0.495965] pid_max: default: 32768 minimum: 301
[    0.499617] ACPI: Core revision 20150930
[    0.503470] ACPI: 2 ACPI AML tables successfully acquired and loaded
[    0.508703] Security Framework initialized
[    0.512363] Yama: becoming mindful.
[    0.515346] AppArmor: AppArmor initialized
[    0.518734] Dentry cache hash table entries: 131072 (order: 8, 1048576 bytes)
[    0.525530] Inode-cache hash table entries: 65536 (order: 7, 524288 bytes)
[    0.531236] Mount-cache hash table entries: 2048 (order: 2, 16384 bytes)
[    0.536477] Mountpoint-cache hash table entries: 2048 (order: 2, 16384 bytes)
[    0.542432] Initializing cgroup subsys io
[    0.545745] Initializing cgroup subsys memory
[    0.549372] Initializing cgroup subsys devices
[    0.553029] Initializing cgroup subsys freezer
[    0.556652] Initializing cgroup subsys net_cls
[    0.560311] Initializing cgroup subsys perf_event
[    0.564163] Initializing cgroup subsys net_prio
[    0.567855] Initializing cgroup subsys hugetlb
[    0.571501] Initializing cgroup subsys pids
[    0.575879] mce: CPU supports 0 MCE banks
[    0.579237] Last level iTLB entries: 4KB 128, 2MB 8, 4MB 8
[    0.583630] Last level dTLB entries: 4KB 64, 2MB 0, 4MB 0, 1GB 4
[    0.588657] Spectre V1 : Mitigation: usercopy/swapgs barriers and __user pointer sanitization
[    0.595555] Spectre V2 : Mitigation: Full generic retpoline
[    0.600003] Spectre V2 : Spectre v2 / SpectreRSB mitigation: Filling RSB on context switch
[    0.606618] Speculative Store Bypass: Vulnerable
[    0.610362] SRBDS: Unknown: Dependent on hypervisor status
[    0.614877] MDS: Mitigation: Clear CPU buffers
[    0.620694] Freeing SMP alternatives memory: 36K
[    0.629682] ftrace: allocating 32337 entries in 127 pages
[    0.683296] smpboot: APIC(0) Converting physical 0 to logical package 0
[    0.688726] smpboot: Max logical packages: 1
[    0.692404] x2apic enabled
[    0.694891] Switched APIC routing to physical x2apic.
[    0.699813] ..TIMER: vector=0x30 apic1=0 pin1=2 apic2=-1 pin2=-1
[    0.812611] APIC calibration not consistent with PM-Timer: 98ms instead of 100ms
[    0.818964] APIC delta adjusted to PM-Timer: 6234459 (6169251)
[    0.823721] smpboot: CPU0: Intel(R) Core(TM) i5-7500 CPU @ 3.40GHz (family: 0x6, model: 0x9e, stepping: 0x9)
[    0.831936] Performance Events: unsupported p6 CPU model 158 no PMU driver, software events only.
[    0.848020] KVM setup paravirtual spinlock
[    0.852164] x86: Booting SMP configuration:
[    0.855519] .... node  #0, CPUs:      #1
[    0.859193] kvm-clock: cpu 1, msr 0:3ffe3041, secondary cpu clock
[    0.864984] mce: CPU supports 0 MCE banks
[    0.870018] x86: Booted up 1 node, 2 CPUs
[    0.873402] smpboot: Total of 2 processors activated (13631.99 BogoMIPS)
[    0.880652] devtmpfs: initialized
[    0.885093] evm: security.selinux
[    0.888152] evm: security.SMACK64
[    0.890932] evm: security.SMACK64EXEC
[    0.893969] evm: security.SMACK64TRANSMUTE
[    0.897474] evm: security.SMACK64MMAP
[    0.900705] evm: security.ima
[    0.903178] evm: security.capability
[    0.906289] clocksource: jiffies: mask: 0xffffffff max_cycles: 0xffffffff, max_idle_ns: 7645041785100000 ns
[    0.914159] futex hash table entries: 512 (order: 3, 32768 bytes)
[    0.919047] pinctrl core: initialized pinctrl subsystem
[    0.923299] RTC time:  6:13:13, date: 08/27/20
[    0.927088] NET: Registered protocol family 16
[    0.940255] cpuidle: using governor ladder
[    0.956703] cpuidle: using governor menu
[    0.960126] PCCT header not found.
[    0.963051] ACPI: bus type PCI registered
[    0.966391] acpiphp: ACPI Hot Plug PCI Controller Driver version: 0.5
[    0.971635] PCI: Using configuration type 1 for base access
[    0.988966] ACPI: Added _OSI(Module Device)
[    0.992417] ACPI: Added _OSI(Processor Device)
[    0.996177] ACPI: Added _OSI(3.0 _SCP Extensions)
[    1.000006] ACPI: Added _OSI(Processor Aggregator Device)
[    1.005010] ACPI: Executed 1 blocks of module-level executable AML code
[    1.012164] ACPI: Interpreter enabled
[    1.015176] ACPI: (supports S0 S5)
[    1.018038] ACPI: Using IOAPIC for interrupt routing
[    1.022131] PCI: Using host bridge windows from ACPI; if necessary, use "pci=nocrs" and report a bug
[    1.033173] ACPI: PCI Root Bridge [PCI0] (domain 0000 [bus 00-ff])
[    1.038219] acpi PNP0A03:00: _OSC: OS supports [ASPM ClockPM Segments MSI]
[    1.043868] acpi PNP0A03:00: _OSC: not requesting OS control; OS requires [ExtendedConfig ASPM ClockPM MSI]
[    1.051718] acpi PNP0A03:00: fail to add MMCONFIG information, can't access extended PCI configuration space under this bridge.
[    1.061352] PCI host bridge to bus 0000:00
[    1.064738] pci_bus 0000:00: root bus resource [io  0x0000-0x0cf7 window]
[    1.070156] pci_bus 0000:00: root bus resource [io  0x0d00-0xffff window]
[    1.075586] pci_bus 0000:00: root bus resource [mem 0x000a0000-0x000bffff window]
[    1.081644] pci_bus 0000:00: root bus resource [mem 0x40000000-0xfdffffff window]
[    1.087732] pci_bus 0000:00: root bus resource [bus 00-ff]
[    1.101881] pci 0000:00:01.1: legacy IDE quirk: reg 0x10: [io  0x01f0-0x01f7]
[    1.107538] pci 0000:00:01.1: legacy IDE quirk: reg 0x14: [io  0x03f6]
[    1.112796] pci 0000:00:01.1: legacy IDE quirk: reg 0x18: [io  0x0170-0x0177]
[    1.118447] pci 0000:00:01.1: legacy IDE quirk: reg 0x1c: [io  0x0376]
[    1.136926] pci 0000:00:07.0: quirk: [io  0x4000-0x403f] claimed by PIIX4 ACPI
[    1.143194] pci 0000:00:07.0: quirk: [io  0x4100-0x410f] claimed by PIIX4 SMB
[    1.157017] ACPI: PCI Interrupt Link [LNKA] (IRQs 5 9 10 *11)
[    1.162852] ACPI: PCI Interrupt Link [LNKB] (IRQs 5 9 *10 11)
[    1.168278] ACPI: PCI Interrupt Link [LNKC] (IRQs 5 *9 10 11)
[    1.173582] ACPI: PCI Interrupt Link [LNKD] (IRQs 5 9 10 *11)
[    1.179067] ACPI: Enabled 2 GPEs in block 00 to 07
[    1.183488] vgaarb: setting as boot device: PCI:0000:00:02.0
[    1.188003] vgaarb: device added: PCI:0000:00:02.0,decodes=io+mem,owns=io+mem,locks=none
[    1.194534] vgaarb: loaded
[    1.196895] vgaarb: bridge control possible 0000:00:02.0
[    1.201323] SCSI subsystem initialized
[    1.204547] ACPI: bus type USB registered
[    1.207828] usbcore: registered new interface driver usbfs
[    1.212279] usbcore: registered new interface driver hub
[    1.216593] usbcore: registered new device driver usb
[    1.221021] PCI: Using ACPI for IRQ routing
[    1.225927] NetLabel: Initializing
[    1.228869] NetLabel:  domain hash size = 128
[    1.232403] NetLabel:  protocols = UNLABELED CIPSOv4
[    1.236397] NetLabel:  unlabeled traffic allowed by default
[    1.241048] amd_nb: Cannot enumerate AMD northbridges
[    1.245176] clocksource: Switched to clocksource kvm-clock
[    1.256156] AppArmor: AppArmor Filesystem Enabled
[    1.260241] pnp: PnP ACPI init
[    1.263943] pnp: PnP ACPI: found 3 devices
[    1.277207] clocksource: acpi_pm: mask: 0xffffff max_cycles: 0xffffff, max_idle_ns: 2085701024 ns
[    1.284296] NET: Registered protocol family 2
[    1.287929] TCP established hash table entries: 8192 (order: 4, 65536 bytes)
[    1.293419] TCP bind hash table entries: 8192 (order: 5, 131072 bytes)
[    1.298484] TCP: Hash tables configured (established 8192 bind 8192)
[    1.303410] UDP hash table entries: 512 (order: 2, 16384 bytes)
[    1.308030] UDP-Lite hash table entries: 512 (order: 2, 16384 bytes)
[    1.313013] NET: Registered protocol family 1
[    1.316488] pci 0000:00:00.0: Limiting direct PCI/PCI transfers
[    1.321114] pci 0000:00:01.0: Activating ISA DMA hang workarounds
[    1.326014] Unpacking initramfs...
[    1.536087] Freeing initrd memory: 14884K
[    1.539962] clocksource: tsc: mask: 0xffffffffffffffff max_cycles: 0x311fd208cfc, max_idle_ns: 440795283699 ns
[    1.547827] platform rtc_cmos: registered platform RTC device (no PNP device found)
[    1.553939] Scanning for low memory corruption every 60 seconds
[    1.558980] audit: initializing netlink subsys (disabled)
[    1.563275] audit: type=2000 audit(1598508800.500:1): initialized
[    1.568361] Initialise system trusted keyring
[    1.572149] HugeTLB registered 2 MB page size, pre-allocated 0 pages
[    1.578324] zbud: loaded
[    1.580894] VFS: Disk quotas dquot_6.6.0
[    1.584128] VFS: Dquot-cache hash table entries: 512 (order 0, 4096 bytes)
[    1.589873] squashfs: version 4.0 (2009/01/31) Phillip Lougher
[    1.594878] fuse init (API version 7.23)
[    1.598331] Key type big_key registered
[    1.601575] Allocating IMA MOK and blacklist keyrings.
[    1.608154] Key type asymmetric registered
[    1.611518] Asymmetric key parser 'x509' registered
[    1.615459] Block layer SCSI generic (bsg) driver version 0.4 loaded (major 249)
[    1.621573] io scheduler noop registered
[    1.624737] io scheduler deadline registered (default)
[    1.628918] io scheduler cfq registered
[    1.632102] pci_hotplug: PCI Hot Plug PCI Core version: 0.5
[    1.636619] pciehp: PCI Express Hot Plug Controller Driver version: 0.4
[    1.642093] ACPI: AC Adapter [AC] (on-line)
[    1.645451] input: Power Button as /devices/LNXSYSTM:00/LNXPWRBN:00/input/input0
[    1.651493] ACPI: Power Button [PWRF]
[    1.654841] input: Sleep Button as /devices/LNXSYSTM:00/LNXSLPBN:00/input/input1
[    1.660836] ACPI: Sleep Button [SLPF]
[    1.664272] GHES: HEST is not enabled!
[    1.667488] Serial: 8250/16550 driver, 32 ports, IRQ sharing enabled
[    1.693129]00:02: ttyS0 atI/O 0x3f8 (irq  4, base_baud  115200) is a 1550A
    1.704905] Lnux agpgart inerface v0.103
[    1.710358] loop: module loaded
[    1.713682] scsi host0: ata_piix
[    1.716645] scsi host1: ata_piix
[    1.719468] ata1: PATA max UDMA/33 cmd 0x1f0 ctl 0x3f6 bmdma 0xd000 irq 14
[    1.724925] ata2: PATA max UDMA/33 cmd 0x170 ctl 0x376 bmdma 0xd008 irq 15
[    1.730527] libphy: Fixed MDIO Bus: probed
[    1.733895] tun: Universal TUN/TAP device driver, 1.6
[    1.737924] tun: (C) 1999-2004 Max Krasnyansky <maxk@qualcomm.com>
[    1.742865] PPP generic driver version 2.4.2
[    1.746389] ehci_hcd: USB 2.0 'Enhanced' Host Controller (EHCI) Driver
[    1.751460] ehci-pci: EHCI PCI platform driver
[    1.755018] ehci-platform: EHCI generic platform driver
[    1.759173] ohci_hcd: USB 1.1 'Open' Host Controller (OHCI) Driver
[    1.764038] ohci-pci: OHCI PCI platform driver
[    1.767631] ohci-platform: OHCI generic platform driver
[    1.771755] uhci_hcd: USB Universal Host Controller Interface driver
[    1.776764] i8042: PNP: PS/2 Controller [PNP0303:PS2K,PNP0f03:PS2M] at 0x60,0x64 irq 1,12
[    1.783735] serio: i8042 KBD port at 0x60,0x64 irq 1
[    1.787648] serio: i8042 AUX port at 0x60,0x64 irq 12
[    1.791765] mousedev: PS/2 mouse device common for all mice
[    1.796633] rtc_cmos rtc_cmos: rtc core: registered rtc_cmos as rtc0
[    1.801738] rtc_cmos rtc_cmos: alarms up to one day, 114 bytes nvram
[    1.806775] i2c /dev entries driver
[    1.809769] input: AT Translated Set 2 keyboard as /devices/platform/i8042/serio0/input/input2
[    1.816680] device-mapper: uevent: version 1.0.3
[    1.820553] device-mapper: ioctl: 4.34.0-ioctl (2015-10-28) initialised: dm-devel@redhat.com
[    1.827405] ledtrig-cpu: registered to indicate activity on CPUs
[    1.832887] NET: Registered protocol family 10
[    1.836835] NET: Registered protocol family 17
[    1.840486] Key type dns_resolver registered
[    1.844142] registered taskstats version 1
[    1.847529] Loading compiled-in X.509 certificates
[    1.851936] Loaded X.509 cert 'Build time autogenerated kernel key: f06b7227f29f55afa9b8968d1b82289d30ebc7c3'
[    1.860325] zswap: loaded using pool lzo/zbud
[    1.865580] Key type trusted registered
[    1.871873] Key type encrypted registered
[    1.875873] AppArmor: AppArmor sha1 policy hashing enabled
[    1.881571] ima: No TPM chip found, activating TPM-bypass!
[    1.886241] ima: Allocated hash algorithm: sha1
[    1.890070] evm: HMAC attrs: 0x1
[    1.912229]   Magic number: 0:843:216
[    1.915394] rtc_cmos rtc_cmos: setting system clock to 2020-08-27 06:13:14 UTC (1598508794)
[    1.922167] BIOS EDD facility v0.16 2004-Jun-25, 0 devices found
[    1.926844] EDD information not available.
[    1.931306] Freeing unused kernel memory: 1492K
[    1.934943] Write protecting the kernel read-only data: 14336k
[    1.939995] Freeing unused kernel memory: 1592K
[    1.943848] Freeing unused kernel memory: 56K
Loading, please wait...
starting version 229
[    1.960480] random: systemd-udevd: uninitialized urandom read (16 bytes read, 5 bits of entropy available)
[    1.961270] random: udevadm: uninitialized urandom read (16 bytes read, 5 bits of entropy available)
[    1.961287] random: udevadm: uninitialized urandom read (16 bytes read, 5 bits of entropy available)
[    1.970562] random: udevadm: uninitialized urandom read (16 bytes read, 5 bits of entropy available)
[    1.970600] random: udevadm: uninitialized urandom read (16 bytes read, 5 bits of entropy available)
[    1.970774] random: udevadm: uninitialized urandom read (16 bytes read, 5 bits of entropy available)
[    1.970836] random: udevadm: uninitialized urandom read (16 bytes read, 5 bits of entropy available)
[    1.970898] random: udevadm: uninitialized urandom read (16 bytes read, 5 bits of entropy available)
[    1.970960] random: udevadm: uninitialized urandom read (16 bytes read, 5 bits of entropy available)
[    1.971001] random: udevadm: uninitialized urandom read (16 bytes read, 5 bits of entropy available)
[    2.055329] e1000: Intel(R) PRO/1000 Network Driver - version 7.3.21-k8-NAPI
[    2.061411] e1000: Copyright (c) 1999-2006 Intel Corporation.
[    2.067925] Fusion MPT base driver 3.04.20
[    2.071401] Copyright (c) 1999-2008 LSI Corporation
[    2.091056] AVX2 version of gcm_enc/dec engaged.
[    2.095219] AES CTR mode by8 optimization enabled
[    2.101861] Fusion MPT SPI Host driver 3.04.20
[    2.308235] input: ImExPS/2 Generic Explorer Mouse as /devices/platform/i8042/serio1/input/input4
[    2.542789] e1000 0000:00:03.0 eth0: (PCI:33MHz:32-bit) 02:98:c6:81:17:55
[    2.548658] e1000 0000:00:03.0 eth0: Intel(R) PRO/1000 Network Connection
[    3.367994] e1000 0000:00:08.0 eth1: (PCI:33MHz:32-bit) 08:00:27:f8:dc:33
[    3.373611] e1000 0000:00:08.0 eth1: Intel(R) PRO/1000 Network Connection
[    3.380378] e1000 0000:00:03.0 enp0s3: renamed from eth0
[    3.384702] mptbase: ioc0: Initiating bringup
[    3.394011] e1000 0000:00:08.0 enp0s8: renamed from eth1
[    3.453659] ioc0: LSI53C1030 A0: Capabilities={Initiator}
[    3.620860] scsi host2: ioc0: LSI53C1030 A0, FwRev=00000000h, Ports=1, MaxQ=256, IRQ=20
[    3.737770] scsi 2:0:0:0: Direct-Access     VBOX     HARDDISK         1.0  PQ: 0 ANSI: 5
[    3.744736] scsi target2:0:0: Beginning Domain Validation
[    3.750595] scsi target2:0:0: Domain Validation skipping write tests
[    3.755524] scsi target2:0:0: Ending Domain Validation
[    3.759669] scsi target2:0:0: asynchronous
[    3.771363] scsi 2:0:1:0: Direct-Access     VBOX     HARDDISK         1.0  PQ: 0 ANSI: 5
[    3.777962] scsi target2:0:1: Beginning Domain Validation
[    3.784706] scsi target2:0:1: Domain Validation skipping write tests
[    3.789679] scsi target2:0:1: Ending Domain Validation
[    3.793760] scsi target2:0:1: asynchronous
[    3.809353] sd 2:0:0:0: Attached scsi generic sg0 type 0
[    3.813693] sd 2:0:0:0: [sda] 20971520 512-byte logical blocks: (10.7 GB/10.0 GiB)
[    3.819990] sd 2:0:1:0: Attached scsi generic sg1 type 0
[    3.820569] sd 2:0:0:0: [sda] Write Protect is off
[    3.820897] sd 2:0:0:0: [sda] Incomplete mode parameter data
[    3.820898] sd 2:0:0:0: [sda] Assuming drive cache: write through
[    3.825370] sd 2:0:1:0: [sdb] 20480 512-byte logical blocks: (10.5 MB/10.0 MiB)
[    3.825704] sd 2:0:1:0: [sdb] Write Protect is off
[    3.826092] sd 2:0:1:0: [sdb] Incomplete mode parameter data
[    3.826094] sd 2:0:1:0: [sdb] Assuming drive cache: write through
[    3.829929]  sda: sda1
[    3.831358] sd 2:0:0:0: [sda] Attached SCSI disk
[    3.839678] sd 2:0:1:0: [sdb] Attached SCSI disk
Begin: Loading essential drivers ... [    5.170509] md: linear personality registered for level -1
[    5.177051] md: multipath personality registered for level -4
[    5.183683] md: raid0 personality registered for level 0
[    5.190989] md: raid1 personality registered for level 1
[    5.265201] raid6: sse2x1   gen() 13153 MB/s
[    5.333398] raid6: sse2x1   xor()  9684 MB/s
[    5.401225] raid6: sse2x2   gen() 16224 MB/s
[    5.469750] raid6: sse2x2   xor() 11161 MB/s
[    5.537439] raid6: sse2x4   gen() 18685 MB/s
[    5.605342] raid6: sse2x4   xor()  9498 MB/s
[    5.681309] raid6: avx2x1   gen() 16967 MB/s
[    5.753219] raid6: avx2x2   gen() 26034 MB/s
[    5.825260] raid6: avx2x4   gen() 25628 MB/s
[    5.829813] raid6: using algorithm avx2x2 gen() 26034 MB/s
[    5.835686] raid6: using avx2x2 recovery algorithm
[    5.842160] xor: automatically using best checksumming function:
[    5.885346]    avx       : 18392.000 MB/sec
[    5.893870] async_tx: api initialized (async)
[    5.920463] md: raid6 personality registered for level 6
[    5.927209] md: raid5 personality registered for level 5
[    5.935316] md: raid4 personality registered for level 4
[    5.959456] md: raid10 personality registered for level 10
done.
Begin: Running /scripts/init-premount ... done.
Begin: Mounting root file system ... Begin: Running /scripts/local-top ... done.
Begin: Running /scripts/local-premount ... [    6.000942] Btrfs loaded
Scanning for Btrfs filesystems
done.
Warning: fsck not present, so skipping root file system
[    6.093897] EXT4-fs (sda1): mounted filesystem with ordered data mode. Opts: (null)
done.
Begin: Running /scripts/local-bottom ... done.
Begin: Running /scripts/init-bottom ... done.
[    6.551760] systemd[1]: systemd 229 running in system mode. (+PAM +AUDIT +SELINUX +IMA +APPARMOR +SMACK +SYSVINIT +UTMP +LIBCRYPTSETUP +GCRYPT +GNUTLS +ACL +XZ -LZ4 +SECCOMP +BLKID +ELFUTILS +KMOD -IDN)
[    6.570965] systemd[1]: Detected virtualization oracle.
[    6.577107] systemd[1]: Detected architecture x86-64.

Welcome to [1mUbuntu 16.04.7 LTS[0m!

[    6.611314] systemd[1]: Set hostname to <ubuntu>.
[    6.634772] systemd[1]: Initializing machine ID from random generator.
[    6.641050] systemd[1]: Installed transient /etc/machine-id file.
[    7.148583] systemd[1]: Listening on /dev/initctl Compatibility Named Pipe.
[[0;32m  OK  [0m] Listening on /dev/initctl Compatibility Named Pipe.
[    7.161550] systemd[1]: Reached target Encrypted Volumes.
[[0;32m  OK  [0m] Reached target Encrypted Volumes.
[    7.173666] systemd[1]: Listening on LVM2 metadata daemon socket.
[[0;32m  OK  [0m] Listening on LVM2 metadata daemon socket.
[    7.185476] systemd[1]: Listening on LVM2 poll daemon socket.
[[0;32m  OK  [0m] Listening on LVM2 poll daemon socket.
[    7.197398] systemd[1]: Reached target User and Group Name Lookups.
[[0;32m  OK  [0m] Reached target User and Group Name Lookups.
[    7.209924] systemd[1]: Created slice System Slice.
[[0;32m  OK  [0m] Created slice System Slice.
[    7.221600] systemd[1]: Created slice system-serial\x2dgetty.slice.
[[0;32m  OK  [0m] Created slice system-serial\x2dgetty.slice.
[    7.233489] systemd[1]: Started Forward Password Requests to Wall Directory Watch.
[[0;32m  OK  [0m] Started Forward Password Requests to Wall Directory Watch.
[    7.249632] systemd[1]: Listening on Journal Socket (/dev/log).
[[0;32m  OK  [0m] Listening on Journal Socket (/dev/log).
[    7.265399] systemd[1]: Listening on Journal Audit Socket.
[[0;32m  OK  [0m] Listening on Journal Audit Socket.
[    7.277502] systemd[1]: Listening on Device-mapper event daemon FIFOs.
[[0;32m  OK  [0m] Listening on Device-mapper event daemon FIFOs.
[    7.293794] systemd[1]: Listening on Journal Socket.
[[0;32m  OK  [0m] Listening on Journal Socket.
[    7.317651] systemd[1]: Mounting Debug File System...
         Mounting Debug File System...
[    7.334490] systemd[1]: Starting Monitoring of LVM2 mirrors, snapshots etc. using dmeventd or progress polling...
         Starting Monitoring of LVM2 mirrors... dmeventd or progress polling...
[    7.354955] systemd[1]: Starting Uncomplicated firewall...
         Starting Uncomplicated firewall...
[    7.365698] systemd[1]: Mounting Huge Pages File System...
         Mounting Huge Pages File System...
[    7.383017] systemd[1]: Starting Remount Root and Kernel File Systems...
[    7.391339] EXT4-fs (sda1): re-mounted. Opts: (null)
         Starting Remount Root and Kernel File Systems...
[    7.410986] systemd[1]: Mounting POSIX Message Queue File System...
         Mounting POSIX Message Queue File System...
[    7.426375] systemd[1]: Starting Set console keymap...
         Starting Set console keymap...
[    7.441559] systemd[1]: Reached target Swap.
[[0;32m  OK  [0m] Reached target Swap.
[    7.473541] systemd[1]: Starting Create list of required static device nodes for the current kernel...
[    7.477209] random: nonblocking pool is initialized
         Starting Create list of required st... nodes for the current kernel...
[    7.497903] systemd[1]: Listening on udev Control Socket.
[[0;32m  OK  [0m] Listening on udev Control Socket.
[    7.509768] systemd[1]: Started Trigger resolvconf update for networkd DNS.
[[0;32m  OK  [0m] Started Trigger resolvconf update for networkd DNS.
[    7.521998] systemd[1]: Listening on Syslog Socket.
[[0;32m  OK  [0m] Listening on Syslog Socket.
[    7.545434] systemd[1]: Starting Journal Service...
         Starting Journal Service...
[    7.568018] systemd[1]: Starting Load Kernel Modules...
         Starting Load Kernel Modules...
[    7.582401] systemd[1]: Starting Nameserver information manager...
         Starting Nameserver information manager...
[    7.598345] systemd[1]: Created slice User and Session Slice.
[[0;32m  OK  [0m] Created slice User and Session Slice.
[    7.609409] systemd[1]: Reached target Slices.
[    7.613433] Loading iSCSI transport class v2.0-870.
[[0;32m  OK  [0m] Reached target Slices.
[    7.625688] systemd[1]: Listening on udev Kernel Socket.
[[0;32m  OK  [0m] Listening on udev Kernel Socket.
[    7.632882] iscsi: registered transport (tcp)
[    7.637521] systemd[1]: Reached target System Time Synchronized.
[[0;32m  OK  [0m] Reached target System Time Synchronized.
[    7.649997] systemd[1]: Set up automount Arbitrary Executable File Formats File System Automount Point.
[[0;32m  OK  [0m] Set up automount Arbitrary Executab...ats File System Automount Point.
[    7.682258] systemd[1]: Mounted Huge Pages File System.
[[0;32m  OK  [0m] Mounted Huge Pages File System.
[    7.693513] systemd[1]: Mounted POSIX Message Queue File System.
[    7.698778] iscsi: registered transport (iser)
[[0;32m  OK  [0m] Mounted POSIX Message Queue File System.
[    7.709960] systemd[1]: Mounted Debug File System.
[[0;32m  OK  [0m] Mounted Debug File System.
[    7.721965] systemd[1]: Started Journal Service.
[[0;32m  OK  [0m] Started Journal Service.
[[0;32m  OK  [0m] Started Uncomplicated firewall.
[[0;32m  OK  [0m] Started Remount Root and Kernel File Systems.
[[0;32m  OK  [0m] Started Set console keymap.
[[0;32m  OK  [0m] Started Create list of required sta...ce nodes for the current kernel.
[[0;32m  OK  [0m] Started Load Kernel Modules.
[[0;32m  OK  [0m] Started LVM2 metadata daemon.
         Mounting FUSE Control File System...
         Starting Apply Kernel Variables...
         Starting Create Static Device Nodes in /dev...
         Starting Load/Save Random Seed...
         Starting udev Coldplug all Devices...
         Starting Flush Journal to Persistent Storage...
[[0;32m  OK  [0m] Mounted FUSE Control File System.
[[0;32m  OK  [0m] Started Nameserver information manager.
[[0;32m  OK  [0m] Started Apply Kernel Variables.
[[0;32m  OK  [0m] Started Load/Save Random Seed.
[[0;32m  OK  [0m] Started Flush Journal to Persistent Storage.
[[0;32m  OK  [0m] Started udev Coldplug all Devices.
[[0;32m  OK  [0m] Started Create Static Device Nodes in /dev.
         Starting udev Kernel Device Manager...
[[0;32m  OK  [0m] Started Monitoring of LVM2 mirrors,...ng dmeventd or progress polling.
[[0;32m  OK  [0m] Reached target Local File Systems (Pre).
[[0;32m  OK  [0m] Reached target Local File Systems.
         Starting Set console font and keymap...
         Starting Initial cloud-init job (pre-networking)...
         Starting Tell Plymouth To Write Out Runtime Data...
         Starting Commit a transient machine-id on disk...
         Starting Create Volatile Files and Directories...
         Starting LSB: AppArmor initialization...
[[0;32m  OK  [0m] Started Create Volatile Files and Directories.
[[0;32m  OK  [0m] Started Tell Plymouth To Write Out Runtime Data.
[[0;32m  OK  [0m] Started udev Kernel Device Manager.
[[0;32m  OK  [0m] Started Commit a transient machine-id on disk.
[[0;32m  OK  [0m] Started Dispatch Password Requests to Console Directory Watch.
         Starting Update UTMP about System Boot/Shutdown...
[[0;32m  OK  [0m] Started Update UTMP about System Boot/Shutdown.
[[0;32m  OK  [0m] Found device /dev/ttyS0.
[[0;32m  OK  [0m] Listening on Load/Save RF Kill Switch Status /dev/rfkill Watch.
[[0;32m  OK  [0m] Started LSB: AppArmor initialization.
         Starting Load AppArmor profiles managed internally by snapd...
[[0;32m  OK  [0m] Started Load AppArmor profiles managed internally by snapd.
[[0;32m  OK  [0m] Started Set console font and keymap.
[[0;32m  OK  [0m] Created slice system-getty.slice.
[    9.965020] cloud-init[468]: Cloud-init v. 20.2-45-g5f7825e2-0ubuntu1~16.04.1 running 'init-local' at Thu, 27 Aug 2020 06:13:22 +0000. Up 9.52 seconds.
[[0;32m  OK  [0m] Started Initial cloud-init job (pre-networking).
[[0;32m  OK  [0m] Reached target Network (Pre).
         Starting Raise network interfaces...
[[0;32m  OK  [0m] Started Raise network interfaces.
[[0;32m  OK  [0m] Reached target Network.
         Starting Initial cloud-init job (metadata service crawler)...
[   11.567726] cloud-init[974]: Cloud-init v. 20.2-45-g5f7825e2-0ubuntu1~16.04.1 running 'init' at Thu, 27 Aug 2020 06:13:24 +0000. Up 10.85 seconds.
[   11.584531] cloud-init[974]: ci-info: ++++++++++++++++++++++++++++++++++++++Net device info+++++++++++++++++++++++++++++++++++++++
[   11.596581] cloud-init[974]: ci-info: +--------+-------+----------------------------+---------------+--------+-------------------+
[   11.604276] cloud-init[974]: ci-info: | Device |   Up  |          Address           |      Mask     | Scope  |     Hw-Address    |
[   11.612459] cloud-init[974]: ci-info: +--------+-------+----------------------------+---------------+--------+-------------------+
[   11.620280] cloud-init[974]: ci-info: | enp0s3 |  True |         10.0.2.15          | 255.255.255.0 | global | 02:98:c6:81:17:55 |
[   11.628383] cloud-init[974]: ci-info: | enp0s3 |  True | fe80::98:c6ff:fe81:1755/64 |       .       |  link  | 02:98:c6:81:17:55 |
[[0;32m  OK  [0m] Started Initial cloud-init job (metadata service crawler).
[[0;32m  OK  [0m] Reached target Network is Online.
[   11.639092] cloud-init[974]: ci-info: | enp0s8 | False |             .              |       .       |   .    | 08:00:27:f8:dc:33 |
[   11.660225] cloud-init[974]: ci-info: |   lo   |  True |         127.0.0.1          |   255.0.0.0   |  host  |         .         |
         Starting iSCSI initiator daemon (iscsid)...
[[0;32m  OK  [0m] Reached target System Initialization.
[   11.668464] cloud-init[974]: ci-info: |   lo   |  True |          ::1/128           |       .       |  host  |         .         |
[   11.676409] cloud-init[974]: ci-info: +--------+-------+----------------------------+---------------+--------+-------------------+
[[0;32m  OK  [0m] Started ACPI Events Check.
[   11.676701] cloud-init[974]: ci-info: +++++++++++++++++++++++++++Route IPv4 info++++++++++++++++++++++++++++
[   11.684309] cloud-init[974]: ci-info: +-------+-------------+----------+---------------+-----------+-------+
[   11.684556] cloud-init[974]: ci-info: | Route | Destination | Gateway  |    Genmask    | Interface | Flags |
[[0;32m  OK  [0m] Reached target Paths.
[[   11.684620] cloud-init[974]: ci-info: +-------+-------------+----------+---------------+-----------+-------+
[0;32m  OK  [0m] Started Message of the Day.
[[0;32m  OK  [0m] Started Daily Cleanup of Temporary Directories.
[[0;32m  OK  [0m] Listening on D-Bus System Message Bus Socket.
         Starting Socket activation for snappy daemon.
[   11.692522] cloud-init[974]: ci-info: |   0   |   0.0.0.0   | 10.0.2.2 |    0.0.0.0    |   enp0s3  |   UG  |
[   11.724305]          cloud-initStarting LXD - unix socket.[974]: 
ci-info: |   1   |   10.0.2.0  | 0.0.0.0  | 255.255.255.0 |   enp0s3  |   U   |
[   11.736536] [cloud-init[0;32m  OK  [0m[974]: ] ci-info: +-------+-------------+----------+---------------+-----------+-------+Listening on UUID daemon activation socket.

[[0;32m  OK  [0m] Started Daily apt download activities.
[[0;32m  OK  [0m] [   11.736876] Started Daily apt upgrade and clean activities.cloud-init
[974]: ci-info: +++++++++++++++++++Route IPv6 info+++++++++++++++++++
[   11.752382] [cloud-init[0;32m  OK  [0m[974]: ] ci-info: +-------+-------------+---------+-----------+-------+Reached target Timers.

[   11.760186] [cloud-init[0;32m  OK  [0m[974]: ] ci-info: | Route | Destination | Gateway | Interface | Flags |Listening on ACPID Listen Socket.

[[0;32m  OK  [0m] Reached target Cloud-config availability.
[   11.760581] cloud-init[974]: ci-info: +-------+-------------+---------+-----------+-------+
[   11.776379] cloud-init[974]: ci-info: |   0   |  fe80::/64  |    ::   |   enp0s3  |   U   |
[   11.784504] [cloud-init[0;32m  OK  [0m[974]: ] ci-info: |   3   |   ff00::/8  |    ::   |   enp0s3  |   U   |Listening on Socket activation for snappy daemon.

[[0;32m  OK  [0m] Listening on LXD - unix socket.
[   11.784914] cloud-init[974]: ci-info: +-------+-------------+---------+-----------+-------+
[   11.800687] [cloud-init[0;32m  OK  [0m[974]: ] Generating public/private rsa key pair.Reached target Sockets.

[[0;32m  OK  [0m] Reached target Basic System.
[   11.800940] cloud-init[974]: Your identification has been saved in /etc/ssh/ssh_host_rsa_key.
[   11.816421] cloud-init[974]: Your public key has been saved in /etc/ssh/ssh_host_rsa_key.pub.
[   11.824563] [cloud-init[0;32m  OK  [0m[974]: ] The key fingerprint is:Started ACPI event daemon.

[   11.836403] [cloud-init[0;32m  OK  [0m[974]: ] SHA256:f5k8U9uHwfp91MkjLCcH/n70q+j1EEG83VVOPbkGXjw root@ubuntu-xenialStarted Deferred execution scheduler.

[   11.836950] cloud-init[974]: The key's randomart image is:
[   11.845777] cloud-init[974]: +---[RSA 2048]----+
         Starting LSB: Record successful boot for GRUB...
[   11.853621] cloud-init[974]: |            ... *|
[   11.868309] cloud-init[974]: |            .o Eo|
[   11.877593]          cloud-initStarting Virtualbox guest utils...[974]: 
|            ..= B|
[   11.879690]          cloud-initStarting System Logging Service...[974]: 
|           . +.+.|
[   11.881405]          cloud-initStarting /etc/rc.local Compatibility...[974]: 
|        S . o.* o|
[   11.892729] cloud-init[974]: |         . = X.Xo|
[   11.900534] cloud-init[974]: |          . #o=.=|
[[0;32m  OK  [0m] Started Regular background program processing daemon.
[[0;32m  OK  [0m] Started D-Bus System Message Bus.
[   11.908917] cloud-init[974]: |           .o=oo+|
[   11.936245] cloud-init[974]: |          .o.o+o+|
[   11.944290] cloud-init[974]: +----[SHA256]-----+
[   11.952314] cloud-init[974]: Generating public/private dsa key pair.
[   11.960692] cloud-init[974]: Your identification has been saved in /etc/ssh/ssh_host_dsa_key.
[   11.968304] cloud-init[974]: Your public key has been saved in /etc/ssh/ssh_host_dsa_key.pub.
[   11.976320] cloud-init[974]: The key fingerprint is:
[   11.984553] cloud-init[974]: SHA256:6Akgo5UTAMI+nashO4/Tp4V/y8WJWuFJDeP9VyFg0Og root@ubuntu-xenial
[   11.992670] cloud-init[974]: The key's randomart image is:
[   12.000339] cloud-init[974]: +---[DSA 1024]----+
[   12.009695] cloud-init[974]: |*..     .+o      |
[   12.016409] cloud-init[974]: |.. o    ....     |
[[0;32m  OK  [0m] Started FUSE filesystem for LXC.
[   12.025385] cloud-init[974]: |+ * . o.    . .  |
[   12.027207]          cloud-initStarting Accounts Service...[974]: 
|.* = . *E    . . |
[   12.029076]          cloud-initStarting Login Service...[974]: 
|. . o = S     .  |
[   12.036543]          cloud-initStarting Snap Daemon...[974]: 
|.. o = * o   .   |
[   12.044389]          cloud-initStarting LXD - container startup/shutdown...[974]: 
|.o+ . B + . .    |
         Starting LSB: MD monitoring daemon...
[   12.053014] cloud-init[974]: |+o.o.+..   .     |
[   12.055600] cloud-init[974]: |.+ooo.o.         |
[   12.068353]          cloud-initStarting Pollinate to seed the pseudo random number generator...[974]: 
+----[SHA256]-----+
[   12.076313] cloud-init[[974]: [0;32m  OK  [0mGenerating public/private ecdsa key pair.] 
Started System Logging Service.
[   12.078404] [cloud-init[0;32m  OK  [0m[974]: ] Your identification has been saved in /etc/ssh/ssh_host_ecdsa_key.Started iSCSI initiator daemon (iscsid).

[   12.079791] cloud-init[974]: Your public key has been saved in /etc/ssh/ssh_host_ecdsa_key.pub.
[   12.100439] [cloud-init[0;32m  OK  [0m[974]: ] The key fingerprint is:Started /etc/rc.local Compatibility.

[   12.100999] cloud-init[974]: SHA256:Zs/Ax4b4Cw83zzirHL8PWc1qJEygvMQn8ja8qayZatw root@ubuntu-xenial
[   12.122324] cloud-init[974]: The key's randomart image is:
[   12.124664] cloud-init[974]: +---[ECDSA 256]---+
[   12.133096]          cloud-initStarting Login to default iSCSI targets...[974]: 
|      .          |
[   12.134294] [[0;32m  OK  [0m] Started Login Service.
cloud-init[974]: |   o . .         |
[   12.137364] cloud-init[974]: |  . * . .        |
[   12.146324] cloud-init[974]: |   = + = o o     |
[   12.146508] cloud-init[974]: |    * . S * o    |
[[0;32m  OK  [0m] Started Unattended Upgrades Shutdown.
[   12.146568] cloud-init[974]: |   . + + @ .     |
[   12.164546] cloud-init[974]: |. . o + * =      |
[   12.172545] cloud-init[974]: | * E . B.O       |
[   12.182640] cloud-init[974]: |B.o   o.B=+      |
[[0;32m  OK  [0m] Started LSB: Record successful boot for GRUB.
[   12.190217] cloud-init[974]: +----[SHA256]-----+
[   12.208714] cloud-init[974]: Generating public/private ed25519 key pair.
[   12.216595] cloud-init[974]: Your identification has been saved in /etc/ssh/ssh_host_ed25519_key.
[   12.224592] cloud-init[974]: Your public key has been saved in /etc/ssh/ssh_host_ed25519_key.pub.
[   12.232970] cloud-init[974]: The key fingerprint is:
[   12.248823] cloud-init[974]: SHA256:1MKMSNZY2kQFZslMY8QlThqm2BjVBTkYRekALw7tSrY root@ubuntu-xenial
[   12.250841] cloud-init[974]: The key's randomart image is:
[   12.256601] cloud-init[974]: +--[ED25519 256]--+
[   12.264590] cloud-init[974]: |ooo*O//=o        |
[[0;32m  OK  [0m] Started LSB: MD monitoring daemon.
[   12.271168] cloud-init[974]: | Bo=*&** .       |
[   12.282289] cloud-init[974]: |= =o+.+ = .      |
[   12.296335] cloud-init[974]: |oo  .  . .       |
[   12.301801] cloud-init[974]: | +.     S        |
[   12.308851] cloud-init[974]: |o..              |
[   12.315899] cloud-init[974]: |.E               |
[   12.320722] cloud-init[974]: |                 |
[   12.323741] cloud-init[974]: |                 |
[   12.325529] cloud-init[974]: +----[SHA256]-----+
[[0;32m  OK  [0m] Started Login to default iSCSI targets.
[[0;32m  OK  [0m] Reached target Remote File Systems (Pre).
[[0;32m  OK  [0m] Reached target Remote File Systems.
         Starting LSB: automatic crash report generation...
         Starting Permit User Sessions...
         Starting LSB: Set the CPU Frequency Scaling governor to "ondemand"...
         Starting LSB: daemon to balance interrupts for SMP systems...
[[0;32m  OK  [0m] Started Permit User Sessions.
         Starting Hold until boot process finishes up...
         Starting Terminate Plymouth Boot Screen...
[[0;32m  OK  [0m] Started LSB: Set the CPU Frequency Scaling governor to "ondemand".
[[0;32m  OK  [0m] Started Hold until boot process finishes up.
[[0;32m  OK  [0m] Started Terminate Plymouth Boot Screen.
[[0;32m  OK  [0m] Started Virtualbox guest utils.
[[0;32m  OK  [0m] Started LSB: daemon to balance interrupts for SMP systems.
         Starting Authenticate and Authorize Users to Run Privileged Tasks...
[[0;32m  OK  [0m] Started Getty on tty1.
[[0;32m  OK  [0m] Started Serial Getty on ttyS0.
[[0;32m  OK  [0m] Reached target Login Prompts.
         Starting Set console scheme...
[[0;32m  OK  [0m] Started LSB: automatic crash report generation.
[[0;32m  OK  [0m] Started Set console scheme.
[[0;32m  OK  [0m] Started Authenticate and Authorize Users to Run Privileged Tasks.
[[0;32m  OK  [0m] Started Accounts Service.
[[0;32m  OK  [0m] Started LXD - container startup/shutdown.
[[0;32m  OK  [0m] Started Snap Daemon.
         Starting Wait until snapd is fully seeded...
[[0;32m  OK  [0m] Started Pollinate to seed the pseudo random number generator.
         Starting OpenBSD Secure Shell server...
[[0;32m  OK  [0m] Started OpenBSD Secure Shell server.
[[0;32m  OK  [0m] Created slice User Slice of vagrant.
         Starting User Manager for UID 1000...
[[0;32m  OK  [0m] Started Session 1 of user vagrant.
[[0;32m  OK  [0m] Started User Manager for UID 1000.

Ubuntu 16.04.7 LTS ubuntu-xenial ttyS0

ubuntu-xenial login: [   18.886517] cloud-init[1478]: Generating locales (this might take a while)...
[   19.701603] cloud-init[1478]:   en_US.UTF-8... done
[   19.702370] cloud-init[1478]: Generation complete.
[   20.186685] cloud-init[1478]: Cloud-init v. 20.2-45-g5f7825e2-0ubuntu1~16.04.1 running 'modules:config' at Thu, 27 Aug 2020 06:13:31 +0000. Up 18.75 seconds.
ci-info: no authorized SSH keys fingerprints found for user ubuntu.
<14>Aug 27 06:13:33 ec2: 
<14>Aug 27 06:13:33 ec2: #############################################################
<14>Aug 27 06:13:33 ec2: -----BEGIN SSH HOST KEY FINGERPRINTS-----
<14>Aug 27 06:13:33 ec2: 1024 SHA256:6Akgo5UTAMI+nashO4/Tp4V/y8WJWuFJDeP9VyFg0Og root@ubuntu-xenial (DSA)
<14>Aug 27 06:13:33 ec2: 256 SHA256:Zs/Ax4b4Cw83zzirHL8PWc1qJEygvMQn8ja8qayZatw root@ubuntu-xenial (ECDSA)
<14>Aug 27 06:13:33 ec2: 256 SHA256:1MKMSNZY2kQFZslMY8QlThqm2BjVBTkYRekALw7tSrY root@ubuntu-xenial (ED25519)
<14>Aug 27 06:13:33 ec2: 2048 SHA256:f5k8U9uHwfp91MkjLCcH/n70q+j1EEG83VVOPbkGXjw root@ubuntu-xenial (RSA)
<14>Aug 27 06:13:33 ec2: -----END SSH HOST KEY FINGERPRINTS-----
<14>Aug 27 06:13:33 ec2: #############################################################
-----BEGIN SSH HOST KEY KEYS-----
ecdsa-sha2-nistp256 AAAAE2VjZHNhLXNoYTItbmlzdHAyNTYAAAAIbmlzdHAyNTYAAABBBHRKrIpJ6p6g+uLZnUk2KtoNQvuCzmvNEYfbRGzht/76wnwiQ/XzLC4onmd3D0FXs728bjG/3cA/hbVaONX+Sis= root@ubuntu-xenial
ssh-ed25519 AAAAC3NzaC1lZDI1NTE5AAAAIIyXdHrjC1gEcoX+jDtGW1fqmmIunnOF8G8QO32XAeHa root@ubuntu-xenial
ssh-rsa AAAAB3NzaC1yc2EAAAADAQABAAABAQDenZOMVAnU8DP/JNAbG+rWn0v8XamY4ZgkmfdboBXzVwoj5WVHzQzuFfxQcgxlTVf8avnPVdtnuHmWwSLn0/FphNYxgtEshtlESoFDDvsyc0z1AswfIGKyBtIIei+2EkD+wSZwfANhq7/hmvXYLPzJwzZwHuatJ+dVYwRKyrtv4n7sXLLrYecx0rv/bzZ9keciqWPkHeMjCMeK2bRIpFbPwUw0EKhNb5goru/5Hn+xjgdjuif0f5HVUzuRwtvP8WlwOYWW21bSUceg9X03v34ngbN51lohD4DQiuKM4NC5nciHL+kHFKsNio2LfkDZfUWWrmDatOR8hkWQOwwZultB root@ubuntu-xenial
-----END SSH HOST KEY KEYS-----
[   20.649543] cloud-init[1660]: Cloud-init v. 20.2-45-g5f7825e2-0ubuntu1~16.04.1 running 'modules:final' at Thu, 27 Aug 2020 06:13:33 +0000. Up 20.47 seconds.
[   20.649957] cloud-init[1660]: ci-info: no authorized SSH keys fingerprints found for user ubuntu.
[   20.650116] cloud-init[1660]: Cloud-init v. 20.2-45-g5f7825e2-0ubuntu1~16.04.1 finished at Thu, 27 Aug 2020 06:13:33 +0000. Datasource DataSourceNoCloud [seed=/dev/sdb][dsmode=net].  Up 20.64 seconds
